# vsim -voptargs="+acc" -debugDB -c tb_rv32imp_pipeline -l logs/rv32imp_pipeline.log -do "log -r /*; run -all; quit" 
# Start time: 21:08:14 on May 11,2026
# ** Note: (vsim-8009) Loading existing optimized design _opt
# //  Questa Sim-64
# //  Version 2021.2_1 linux_x86_64 May 15 2021
# //
# //  Copyright 1991-2021 Mentor Graphics Corporation
# //  All Rights Reserved.
# //
# //  QuestaSim and its associated documentation contain trade
# //  secrets and commercial or financial information that are the property of
# //  Mentor Graphics Corporation and are privileged, confidential,
# //  and exempt from disclosure under the Freedom of Information Act,
# //  5 U.S.C. Section 552. Furthermore, this information
# //  is prohibited from disclosure under the Trade Secrets Act,
# //  18 U.S.C. Section 1905.
# //
# Loading sv_std.std
# Loading work.rv32_pkg(fast)
# Loading work.tb_rv32imp_pipeline(fast)
# Loading work.rv32imp_pipeline(fast)
# Loading work.Program_Counter(fast)
# Loading work.Adder(fast)
# Loading work.IMem(fast)
# Loading work.pipe_reg(fast)
# Loading work.Decoder(fast)
# Loading work.Control_Logic(fast)
# Loading work.ImmGen(fast)
# Loading work.RegFile(fast)
# Loading work.pipe_reg(fast__1)
# Loading work.pipe_reg(fast__2)
# Loading work.pipe_reg(fast__3)
# Loading work.pipe_reg(fast__4)
# Loading work.Forwarding_Unit(fast)
# Loading work.Branch_Comparator(fast)
# Loading work.ALU(fast)
# Loading work.ALUP(fast)
# Loading work.Adder_9Bit(fast)
# Loading work.Mac8_Unit(fast)
# Loading work.PC_Selection(fast)
# Loading work.Data_Memory(fast)
# Loading work.Hazard_Detection(fast)
# ** Note: (vsim-8900) Creating design debug database vsim.dbg.
# log -r /*
#  run -all
# =================================
# CORE RV32IMP EXECUTION COMPLETE!
# Total simulation cycles = 122821
# Total instructions retired = 119560
# Final CPI = 1.027
# =================================
# Mismatch at address 80010c04: expected 0000a7a0, got ffffc5c7
# Mismatch at address 80010c08: expected fffffb04, got ffff5092
# Mismatch at address 80010c0c: expected 00009eb0, got 00007c25
# Mismatch at address 80010c10: expected 0000846b, got 00003cc8
# Mismatch at address 80010c14: expected 0000b10a, got ffffe37d
# Mismatch at address 80010c18: expected 00004f2b, got 0000c7e7
# Mismatch at address 80010c1c: expected 00007994, got 00003100
# Mismatch at address 80010c20: expected 000051f3, got 00002b6e
# Mismatch at address 80010c24: expected 00004a22, got 0000712f
# Mismatch at address 80010c28: expected fffff77d, got fffffa9e
# Mismatch at address 80010c2c: expected ffff3289, got 00007420
# Mismatch at address 80010c30: expected ffff3183, got 0000e0c8
# Mismatch at address 80010c34: expected 0000bf76, got ffff6193
# Mismatch at address 80010c38: expected ffffde3e, got ffff7d88
# Mismatch at address 80010c3c: expected 0000452d, got ffff6cc0
# Mismatch at address 80010c40: expected ffffb403, got 00003db2
# Mismatch at address 80010c44: expected 00003701, got ffff882d
# Mismatch at address 80010c48: expected ffffa13f, got ffff7d4f
# Mismatch at address 80010c4c: expected 000030b6, got 0000355e
# Mismatch at address 80010c50: expected ffff6ca6, got ffff4eab
# Mismatch at address 80010c54: expected 00004aab, got ffffb4ab
# Mismatch at address 80010c58: expected 0000782d, got 00007e6e
# Mismatch at address 80010c5c: expected 0000fed8, got 000057a5
# Mismatch at address 80010c60: expected ffffa3f8, got 000008e6
# Mismatch at address 80010c64: expected 0000b5d2, got ffff80db
# Mismatch at address 80010c68: expected ffffbd0d, got ffffe623
# Mismatch at address 80010c6c: expected fffea1ee, got 0000a51b
# Mismatch at address 80010c70: expected ffff6f1b, got 00011db7
# Mismatch at address 80010c74: expected fffff6ef, got 0000bff6
# Mismatch at address 80010c78: expected 00005691, got ffffda7e
# Mismatch at address 80010c7c: expected ffff5e33, got 0000b33f
# Mismatch at address 80010c80: expected 000029c0, got ffffaa01
# Mismatch at address 80010c84: expected 00001c12, got 00001c3a
# Mismatch at address 80010c88: expected ffffba3c, got ffffaf45
# Mismatch at address 80010c8c: expected 00007ea9, got 00003911
# Mismatch at address 80010c90: expected 0000652e, got ffff76cb
# Mismatch at address 80010c94: expected ffff5605, got fffedc6c
# Mismatch at address 80010c98: expected ffffb7f4, got 00002bbb
# Mismatch at address 80010c9c: expected fffff6ac, got fffee4d9
# Mismatch at address 80010ca0: expected 000015cf, got ffff03e0
# Mismatch at address 80010ca4: expected 00012880, got 00000a3e
# Mismatch at address 80010ca8: expected 00006a83, got ffffc218
# Mismatch at address 80010cac: expected 00005df0, got ffffd56a
# Mismatch at address 80010cb0: expected ffffd4a1, got ffff781a
# Mismatch at address 80010cb4: expected 00007179, got 0000cb49
# Mismatch at address 80010cb8: expected ffffe682, got ffff6bd7
# Mismatch at address 80010cbc: expected ffff5cb5, got fffed68b
# Mismatch at address 80010cc0: expected fffff724, got ffffef45
# Mismatch at address 80010cc4: expected ffff5f75, got 0000451d
# Mismatch at address 80010cc8: expected fffff829, got ffff8207
# Mismatch at address 80010ccc: expected 00001c7b, got fffefd47
# Mismatch at address 80010cd0: expected ffff1133, got fffffb22
# Mismatch at address 80010cd4: expected ffffdb4f, got ffff85be
# Mismatch at address 80010cd8: expected 00009d75, got 000031c9
# Mismatch at address 80010cdc: expected 0000241a, got ffff965f
# Mismatch at address 80010ce0: expected 00005606, got fffefa7d
# Mismatch at address 80010ce4: expected ffffb5e5, got 0000e728
# Mismatch at address 80010ce8: expected 000098b4, got ffff9a2e
# Mismatch at address 80010cec: expected 00008801, got 0000aeac
# Mismatch at address 80010cf0: expected 00005187, got 0000d565
# Mismatch at address 80010cf4: expected ffffd236, got 00017d51
# Mismatch at address 80010cf8: expected ffffc4b7, got 00003bc2
# Mismatch at address 80010cfc: expected 0000e98e, got 00011655
# Mismatch at address 80010d00: expected ffffd0f5, got 00000c65
# Mismatch at address 80010d04: expected ffffff2f, got 00007f7a
# Mismatch at address 80010d08: expected ffff9fbe, got ffff9eb0
# Mismatch at address 80010d0c: expected 0000ea76, got ffffa50c
# Mismatch at address 80010d10: expected 000018f5, got ffffcfa2
# Mismatch at address 80010d14: expected fffff6b9, got 00015b1f
# Mismatch at address 80010d18: expected ffffd690, got 00008feb
# Mismatch at address 80010d1c: expected fffff20c, got ffff293a
# Mismatch at address 80010d20: expected 00006986, got 000059f1
# Mismatch at address 80010d24: expected fffff07d, got 000012fa
# Mismatch at address 80010d28: expected ffff437f, got ffffe987
# Mismatch at address 80010d2c: expected 0000a5ff, got 00003dfb
# Mismatch at address 80010d30: expected fffef123, got 0000d658
# Mismatch at address 80010d34: expected 000013a2, got ffffb1b1
# Mismatch at address 80010d38: expected ffffe79c, got ffffa639
# Mismatch at address 80010d3c: expected ffff5953, got 00006a81
# Mismatch at address 80010d40: expected ffffb341, got fffffec0
# Mismatch at address 80010d44: expected ffff4c4a, got ffff3948
# Mismatch at address 80010d48: expected 000056f8, got fffffcfd
# Mismatch at address 80010d4c: expected ffffe6ef, got 0000e522
# Mismatch at address 80010d50: expected 00002043, got 00006504
# Mismatch at address 80010d54: expected ffffba98, got ffffb0ee
# Mismatch at address 80010d58: expected 00004a9b, got ffffcbd3
# Mismatch at address 80010d5c: expected 00009cff, got 000068dc
# Mismatch at address 80010d60: expected 00005324, got 000057ad
# Mismatch at address 80010d64: expected ffffc046, got ffff6c6b
# Mismatch at address 80010d68: expected 000016e1, got ffffbbfe
# Mismatch at address 80010d6c: expected 0000012a, got ffffb8c8
# Mismatch at address 80010d70: expected 000053ff, got 00002578
# Mismatch at address 80010d74: expected 000028aa, got ffff864c
# Mismatch at address 80010d78: expected 0000332e, got ffff6b38
# Mismatch at address 80010d7c: expected 000054c8, got 0000272a
# Mismatch at address 80010d80: expected 00001c19, got ffff63c0
# Mismatch at address 80010d84: expected 00004416, got ffffbf9d
# Mismatch at address 80010d88: expected ffff268a, got 00008038
# Mismatch at address 80010d8c: expected 0000b41c, got 00006d5c
# Mismatch at address 80010d90: expected ffff19b2, got 000079f4
# Mismatch at address 80010d94: expected 00002f65, got ffffc1ce
# Mismatch at address 80010d98: expected 00009f90, got 0000639a
# Mismatch at address 80010d9c: expected ffff900e, got ffffddbc
# Mismatch at address 80010da0: expected fffff252, got ffffedae
# Mismatch at address 80010da4: expected ffffae77, got fffff04d
# Mismatch at address 80010da8: expected ffffd98f, got 0000cf4e
# Mismatch at address 80010dac: expected 0000821b, got ffff35cd
# Mismatch at address 80010db0: expected 0000df96, got 000090b5
# Mismatch at address 80010db4: expected ffffc132, got ffffe21c
# Mismatch at address 80010db8: expected ffff8fd9, got ffff94b6
# Mismatch at address 80010dbc: expected ffff6b9e, got 00006fd9
# Mismatch at address 80010dc0: expected 0000c181, got 0000e7ed
# Mismatch at address 80010dc4: expected fffef289, got 00001195
# Mismatch at address 80010dc8: expected ffff9225, got 0000032c
# Mismatch at address 80010dcc: expected ffff8428, got fffff9ee
# Mismatch at address 80010dd0: expected 00002546, got 0000a572
# Mismatch at address 80010dd4: expected ffff59f1, got ffff720b
# Mismatch at address 80010dd8: expected ffff0334, got fffff3a2
# Mismatch at address 80010ddc: expected ffffd2f1, got ffff65b5
# Mismatch at address 80010de0: expected ffffce93, got ffff498b
# Mismatch at address 80010de4: expected ffffa071, got 00002534
# Mismatch at address 80010de8: expected 00003b59, got ffffa10d
# Mismatch at address 80010dec: expected ffff8191, got ffffb63a
# Mismatch at address 80010df0: expected 00009372, got ffff8099
# Mismatch at address 80010df4: expected ffff28ad, got ffffb984
# Mismatch at address 80010df8: expected ffff8440, got fffffbfc
# Mismatch at address 80010dfc: expected 0000899e, got ffff84ce
# Mismatch at address 80010e00: expected fffecd77, got 000008d0
# Mismatch at address 80010e04: expected 000114fa, got 00006d03
# Mismatch at address 80010e08: expected 000028bd, got ffffe9b9
# Mismatch at address 80010e0c: expected 00001a9a, got 000029b2
# Mismatch at address 80010e10: expected ffffeb88, got ffff3523
# Mismatch at address 80010e14: expected 0000862a, got 000027bc
# Mismatch at address 80010e18: expected 000012f9, got 00004cf4
# Mismatch at address 80010e1c: expected ffff5e58, got ffffa780
# Mismatch at address 80010e20: expected ffffc576, got 00003d71
# Mismatch at address 80010e24: expected 00008133, got ffff8b91
# Mismatch at address 80010e28: expected 00002b55, got 0000b9e9
# Mismatch at address 80010e2c: expected ffffae87, got ffffe816
# Mismatch at address 80010e30: expected ffffe10a, got ffffd677
# Mismatch at address 80010e34: expected 00008403, got ffff1af4
# Mismatch at address 80010e38: expected ffff81b7, got 000062eb
# Mismatch at address 80010e3c: expected ffffd5c6, got ffff9996
# Mismatch at address 80010e40: expected 00006b2a, got ffffc731
# Mismatch at address 80010e44: expected ffffa736, got fffff761
# Mismatch at address 80010e48: expected 00004e78, got ffff65c2
# Mismatch at address 80010e4c: expected 00006d55, got ffff524d
# Mismatch at address 80010e50: expected 0000043d, got ffff712c
# Mismatch at address 80010e54: expected 00002805, got 0000da66
# Mismatch at address 80010e58: expected ffffa7e5, got 00005d2e
# Mismatch at address 80010e5c: expected 0000477b, got 0000fbd4
# Mismatch at address 80010e60: expected fffe9b3f, got 00000852
# Mismatch at address 80010e64: expected 00016de8, got 00006d5e
# Mismatch at address 80010e68: expected 0000005d, got ffff34ac
# Mismatch at address 80010e6c: expected ffff98ff, got 000058e2
# Mismatch at address 80010e70: expected ffff31f8, got 00006315
# Mismatch at address 80010e74: expected 00003048, got 00008dbe
# Mismatch at address 80010e78: expected 0000cac5, got 000088cf
# Mismatch at address 80010e7c: expected 0000fcc7, got 00008359
# Mismatch at address 80010e80: expected 00009655, got ffffa348
# Mismatch at address 80010e84: expected 00000d44, got fffffb3f
# Mismatch at address 80010e88: expected 00009364, got 0000681e
# Mismatch at address 80010e8c: expected ffff0ac7, got 000051a1
# Mismatch at address 80010e90: expected fffff5cc, got 0000a0fc
# Mismatch at address 80010e94: expected 000049cc, got 00008922
# Mismatch at address 80010e98: expected ffffa6e3, got 000014d0
# Mismatch at address 80010e9c: expected 00006f14, got 000011aa
# Mismatch at address 80010ea0: expected fffffc20, got ffff8c47
# Mismatch at address 80010ea4: expected ffff8838, got ffffb0ec
# Mismatch at address 80010ea8: expected 00002fca, got ffffc39f
# Mismatch at address 80010eac: expected ffff63ce, got fffff912
# Mismatch at address 80010eb0: expected 0000b2ee, got ffffa957
# Mismatch at address 80010eb4: expected ffff6d7c, got 0000913c
# Mismatch at address 80010eb8: expected 0000366f, got ffffeb47
# Mismatch at address 80010ebc: expected 0000709f, got ffff5d0b
# Mismatch at address 80010ec0: expected 00005bb9, got ffffe54e
# Mismatch at address 80010ec4: expected 00002611, got 00009ba8
# Mismatch at address 80010ec8: expected 000034d6, got fffffb23
# Mismatch at address 80010ecc: expected 0000df67, got 000053fe
# Mismatch at address 80010ed0: expected 00005a75, got ffff0ccb
# Mismatch at address 80010ed4: expected 000048f1, got ffff7bac
# Mismatch at address 80010ed8: expected 00004b04, got ffffad9c
# Mismatch at address 80010edc: expected ffff4010, got fffff270
# Mismatch at address 80010ee0: expected 0000dc72, got ffff1a69
# Mismatch at address 80010ee4: expected ffffa711, got ffffebf8
# Mismatch at address 80010ee8: expected ffffcba8, got 0000086a
# Mismatch at address 80010eec: expected ffff8a23, got ffffb495
# Mismatch at address 80010ef0: expected ffffb594, got ffff5f17
# Mismatch at address 80010ef4: expected ffffa08c, got 00009bdc
# Mismatch at address 80010ef8: expected ffff412b, got 00015d91
# Mismatch at address 80010efc: expected ffff396f, got 00007355
# Mismatch at address 80010f00: expected 000083d3, got 00008019
# Mismatch at address 80010f04: expected 00001e39, got 0000265b
# Mismatch at address 80010f08: expected 00001f6c, got 000020ec
# Mismatch at address 80010f0c: expected 0000a1ec, got 000155c5
# Mismatch at address 80010f10: expected 00001b43, got 0000d03c
# Mismatch at address 80010f14: expected ffffe881, got ffffe8b9
# Mismatch at address 80010f18: expected 0000ba3c, got 000075df
# Mismatch at address 80010f1c: expected ffffb84d, got 00008e4f
# Mismatch at address 80010f20: expected ffff4566, got 000036e5
# Mismatch at address 80010f24: expected ffffb18d, got 00009dc8
# Mismatch at address 80010f28: expected ffff5607, got 00003dfa
# Mismatch at address 80010f2c: expected 00000cb7, got 0000268d
# Mismatch at address 80010f30: expected ffff8073, got 0000d85e
# Mismatch at address 80010f34: expected 0001093f, got 0000040b
# Mismatch at address 80010f38: expected ffff53a1, got ffffd30c
# Mismatch at address 80010f3c: expected ffff4889, got ffffcf89
# Mismatch at address 80010f40: expected 00002862, got 0000088a
# Mismatch at address 80010f44: expected ffffd80e, got 000031ab
# Mismatch at address 80010f48: expected ffff7063, got 0000285f
# Mismatch at address 80010f4c: expected ffffc485, got 000099ad
# Mismatch at address 80010f50: expected fffff784, got ffffcb2a
# Mismatch at address 80010f54: expected ffff1abc, got ffff6628
# Mismatch at address 80010f58: expected 0000208f, got ffffd37f
# Mismatch at address 80010f5c: expected ffff8ec1, got fffff08e
# Mismatch at address 80010f60: expected ffff2ef8, got ffffffae
# Mismatch at address 80010f64: expected ffffad10, got ffffaf8e
# Mismatch at address 80010f68: expected ffff9f56, got ffff82ca
# Mismatch at address 80010f6c: expected ffff7c7f, got ffff7f15
# Mismatch at address 80010f70: expected 0000a9ec, got 0000428f
# Mismatch at address 80010f74: expected 0000b033, got ffff532f
# Mismatch at address 80010f78: expected ffffea3f, got 000054f2
# Mismatch at address 80010f7c: expected fffff744, got 00007bb2
# Mismatch at address 80010f80: expected ffffdcbc, got 00001e67
# Mismatch at address 80010f84: expected ffff98e8, got ffffa087
# Mismatch at address 80010f88: expected ffffb78f, got 00003b21
# Mismatch at address 80010f8c: expected ffff666f, got 000029ac
# Mismatch at address 80010f90: expected 00005fd8, got 00007479
# Mismatch at address 80010f94: expected 0000f87a, got ffffe4c3
# Mismatch at address 80010f98: expected ffffa5d0, got 00000e3d
# Mismatch at address 80010f9c: expected 00003f65, got ffffdb41
# Mismatch at address 80010fa0: expected 00001c7a, got fffff9fa
# Mismatch at address 80010fa4: expected ffffe51e, got 0000bc48
# Mismatch at address 80010fa8: expected ffffb98d, got 00004013
# Mismatch at address 80010fac: expected ffffc28b, got 000043c1
# Mismatch at address 80010fb0: expected ffff5260, got ffff2f20
# Mismatch at address 80010fb4: expected ffffc0a7, got 0000e851
# Mismatch at address 80010fb8: expected ffff2eed, got ffff17b3
# Mismatch at address 80010fbc: expected ffffcec2, got fffffcec
# Mismatch at address 80010fc0: expected 00001fe9, got 0000a3a7
# Mismatch at address 80010fc4: expected 0000084d, got ffff8ae7
# Mismatch at address 80010fc8: expected 00005a8a, got 00000b4f
# Mismatch at address 80010fcc: expected ffffbfdc, got ffffbef3
# Mismatch at address 80010fd0: expected fffff9bf, got 00007913
# Mismatch at address 80010fd4: expected 00007b3c, got 000036df
# Mismatch at address 80010fd8: expected ffff80ec, got 00008cc9
# Mismatch at address 80010fdc: expected 0000a593, got 000017c3
# Mismatch at address 80010fe0: expected ffff6f86, got 00003b40
# Mismatch at address 80010fe4: expected fffffa0b, got ffffef67
# Mismatch at address 80010fe8: expected 00009985, got ffffdae1
# Mismatch at address 80010fec: expected ffff89a7, got ffffd60f
# Mismatch at address 80010ff0: expected ffff224e, got 00013b3f
# Mismatch at address 80010ff4: expected 000056ad, got 0000348f
# Mismatch at address 80010ff8: expected 0000ba12, got ffffb417
# Mismatch at address 80010ffc: expected ffffb289, got ffffd88f
# Mismatch at address 80011000: expected 0000444f, got 00001550
# Mismatch at address 80011004: expected ffffc5c7, got ffffdcd8
# Mismatch at address 80011008: expected ffff5092, got ffffb8a2
# Mismatch at address 8001100c: expected 00007c25, got ffffb73b
# Mismatch at address 80011010: expected 00003cc8, got ffffd0d9
# Mismatch at address 80011014: expected ffffe37d, got ffffb78e
# Mismatch at address 80011018: expected 0000c7e7, got ffff0e37
# Mismatch at address 8001101c: expected 00003100, got 0000c604
# Mismatch at address 80011020: expected 00002b6e, got 00000418
# Mismatch at address 80011024: expected 0000712f, got ffffd02d
# Mismatch at address 80011028: expected fffffa9e, got 000083eb
# Mismatch at address 8001102c: expected 00007420, got 00009dc7
# Mismatch at address 80011030: expected 0000e0c8, got ffffa135
# Mismatch at address 80011034: expected ffff6193, got ffff86c1
# Mismatch at address 80011038: expected ffff7d88, got 00004f89
# Mismatch at address 8001103c: expected ffff6cc0, got 000023c3
# Mismatch at address 80011040: expected 00003db2, got ffff3228
# Mismatch at address 80011044: expected ffff882d, got ffff6e9f
# Mismatch at address 80011048: expected ffff7d4f, got ffff9244
# Mismatch at address 8001104c: expected 0000355e, got ffff114d
# Mismatch at address 80011050: expected ffff4eab, got ffff5184
# Mismatch at address 80011054: expected ffffb4ab, got 0000083e
# Mismatch at address 80011058: expected 00007e6e, got ffff426c
# Mismatch at address 8001105c: expected 000057a5, got 00006622
# Mismatch at address 80011060: expected 000008e6, got 00007c9b
# Mismatch at address 80011064: expected ffff80db, got fffff277
# Mismatch at address 80011068: expected ffffe623, got 000062a1
# Mismatch at address 8001106c: expected 0000a51b, got 00012d6d
# Mismatch at address 80011070: expected 00011db7, got 0000473c
# Mismatch at address 80011074: expected 0000bff6, got ffffa084
# Mismatch at address 80011078: expected ffffda7e, got 000034a1
# Mismatch at address 8001107c: expected 0000b33f, got 00004707
# Mismatch at address 80011080: expected ffffaa01, got fffedd6d
# Mismatch at address 80011084: expected 00001c3a, got ffff742a
# Mismatch at address 80011088: expected ffffaf45, got 0000bb03
# Mismatch at address 8001108c: expected 00003911, got fffed727
# Mismatch at address 80011090: expected ffff76cb, got ffff988d
# Mismatch at address 80011094: expected fffedc6c, got 0000a0a2
# Mismatch at address 80011098: expected 00002bbb, got 00010948
# Mismatch at address 8001109c: expected fffee4d9, got ffff2b4d
# Mismatch at address 800110a0: expected ffff03e0, got ffffb369
# Mismatch at address 800110a4: expected 00000a3e, got 00001804
# Mismatch at address 800110a8: expected ffffc218, got 00003cda
# Mismatch at address 800110ac: expected ffffd56a, got ffff38d1
# Mismatch at address 800110b0: expected ffff781a, got ffffffe8
# Mismatch at address 800110b4: expected 0000cb49, got 00008101
# Mismatch at address 800110b8: expected ffff6bd7, got ffff6ec8
# Mismatch at address 800110bc: expected fffed68b, got 0000aa17
# Mismatch at address 800110c0: expected ffffef45, got ffffc5d8
# Mismatch at address 800110c4: expected 0000451d, got 0001512d
# Mismatch at address 800110c8: expected ffff8207, got 00002864
# Mismatch at address 800110cc: expected fffefd47, got 00007927
# Mismatch at address 800110d0: expected fffffb22, got 0001159f
# Mismatch at address 800110d4: expected ffff85be, got 00005084
# Mismatch at address 800110d8: expected 000031c9, got 00001cf3
# Mismatch at address 800110dc: expected ffff965f, got fffef0a3
# Mismatch at address 800110e0: expected fffefa7d, got ffff80d4
# Mismatch at address 800110e4: expected 0000e728, got 00000a86
# Mismatch at address 800110e8: expected ffff9a2e, got ffff22d3
# Mismatch at address 800110ec: expected 0000aeac, got ffffe83c
# Mismatch at address 800110f0: expected 0000d565, got ffff2ee8
# Mismatch at address 800110f4: expected 00017d51, got 0000d3c2
# Mismatch at address 800110f8: expected 00003bc2, got 000044f3
# Mismatch at address 800110fc: expected 00011655, got fffee907
# Mismatch at address 80011100: expected 00000c65, got 0000f106
# Mismatch at address 80011104: expected 00007f7a, got 00004107
# Mismatch at address 80011108: expected ffff9eb0, got 00004c67
# Mismatch at address 8001110c: expected ffffa50c, got fffeff14
# Mismatch at address 80011110: expected ffffcfa2, got ffff80da
# Mismatch at address 80011114: expected 00015b1f, got ffffa36f
# Mismatch at address 80011118: expected 00008feb, got 00003ed1
# Mismatch at address 8001111c: expected ffff293a, got ffffb463
# Mismatch at address 80011120: expected 000059f1, got ffff7b18
# Mismatch at address 80011124: expected 000012fa, got 000025c4
# Mismatch at address 80011128: expected ffffe987, got 00003877
# Mismatch at address 8001112c: expected 00003dfb, got 0000052e
# Mismatch at address 80011130: expected 0000d658, got ffffd860
# Mismatch at address 80011134: expected ffffb1b1, got ffffb226
# Mismatch at address 80011138: expected ffffa639, got ffffc26b
# Mismatch at address 8001113c: expected 00006a81, got 00004514
# Mismatch at address 80011140: expected fffffec0, got ffff95b0
# Mismatch at address 80011144: expected ffff3948, got ffff49e4
# Mismatch at address 80011148: expected fffffcfd, got ffffbb45
# Mismatch at address 8001114c: expected 0000e522, got 000025f7
# Mismatch at address 80011150: expected 00006504, got 0000bd95
# Mismatch at address 80011154: expected ffffb0ee, got ffffca5c
# Mismatch at address 80011158: expected ffffcbd3, got ffff4842
# Mismatch at address 8001115c: expected 000068dc, got ffff9fed
# Mismatch at address 80011160: expected 000057ad, got 000013de
# Mismatch at address 80011164: expected ffff6c6b, got fffff1e0
# Mismatch at address 80011168: expected ffffbbfe, got ffffc748
# Mismatch at address 8001116c: expected ffffb8c8, got 0000bfcf
# Mismatch at address 80011170: expected 00002578, got 00000ce9
# Mismatch at address 80011174: expected ffff864c, got 000062ae
# Mismatch at address 80011178: expected ffff6b38, got ffff5feb
# Mismatch at address 8001117c: expected 0000272a, got 00006004
# Mismatch at address 80011180: expected ffff63c0, got 00002c5f
# Mismatch at address 80011184: expected ffffbf9d, got ffffb233
# Mismatch at address 80011188: expected 00008038, got ffffee49
# Mismatch at address 8001118c: expected 00006d5c, got 00013da0
# Mismatch at address 80011190: expected 000079f4, got 00007e37
# Mismatch at address 80011194: expected ffffc1ce, got ffff0d53
# Mismatch at address 80011198: expected 0000639a, got 00003f4d
# Mismatch at address 8001119c: expected ffffddbc, got 00008dee
# Mismatch at address 800111a0: expected ffffedae, got fffffcfe
# Mismatch at address 800111a4: expected fffff04d, got 00008a95
# Mismatch at address 800111a8: expected 0000cf4e, got 0000014f
# Mismatch at address 800111ac: expected ffff35cd, got 00004841
# Mismatch at address 800111b0: expected 000090b5, got ffffff07
# Mismatch at address 800111b4: expected ffffe21c, got 00000498
# Mismatch at address 800111b8: expected ffff94b6, got 00004842
# Mismatch at address 800111bc: expected 00006fd9, got ffff8741
# Mismatch at address 800111c0: expected 0000e7ed, got ffffff1f
# Mismatch at address 800111c4: expected 00001195, got 00007157
# Mismatch at address 800111c8: expected 0000032c, got ffffd2b1
# Mismatch at address 800111cc: expected fffff9ee, got ffffd65e
# Mismatch at address 800111d0: expected 0000a572, got ffff8bd8
# Mismatch at address 800111d4: expected ffff720b, got ffff2db3
# Mismatch at address 800111d8: expected fffff3a2, got 00010aec
# Mismatch at address 800111dc: expected ffff65b5, got fffffaa3
# Mismatch at address 800111e0: expected ffff498b, got 000018b1
# Mismatch at address 800111e4: expected 00002534, got ffff6509
# Mismatch at address 800111e8: expected ffffa10d, got fffffd0a
# Mismatch at address 800111ec: expected ffffb63a, got 00003849
# Mismatch at address 800111f0: expected ffff8099, got 00006e4b
# Mismatch at address 800111f4: expected ffffb984, got ffffd6c0
# Mismatch at address 800111f8: expected fffffbfc, got 000004cb
# Mismatch at address 800111fc: expected ffff84ce, got 0000012c
# Mismatch at address 80011200: expected 000008d0, got 00007a89
# Mismatch at address 80011204: expected 00006d03, got 00007952
# Mismatch at address 80011208: expected ffffe9b9, got 00002ef0
# Mismatch at address 8001120c: expected 000029b2, got 0000a1a8
# Mismatch at address 80011210: expected ffff3523, got ffff8ae9
# Mismatch at address 80011214: expected 000027bc, got 00002f07
# Mismatch at address 80011218: expected 00004cf4, got 00000142
# Mismatch at address 8001121c: expected ffffa780, got 00000faa
# Mismatch at address 80011220: expected 00003d71, got 000093d1
# Mismatch at address 80011224: expected ffff8b91, got 00004b66
# Mismatch at address 80011228: expected 0000b9e9, got ffff7cca
# Mismatch at address 8001122c: expected ffffe816, got 00000fa6
# Mismatch at address 80011230: expected ffffd677, got 00007ad4
# Mismatch at address 80011234: expected ffff1af4, got ffff31a0
# Mismatch at address 80011238: expected 000062eb, got 0000b3de
# Mismatch at address 8001123c: expected ffff9996, got ffff3a93
# Mismatch at address 80011240: expected ffffc731, got 000087d6
# Mismatch at address 80011244: expected fffff761, got ffff67ef
# Mismatch at address 80011248: expected ffff65c2, got 000077ce
# Mismatch at address 8001124c: expected ffff524d, got ffffb9a0
# Mismatch at address 80011250: expected ffff712c, got 0000614b
# Mismatch at address 80011254: expected 0000da66, got 00006001
# Mismatch at address 80011258: expected 00005d2e, got 000072e9
# Mismatch at address 8001125c: expected 0000fbd4, got 000010d0
# Mismatch at address 80011260: expected 00000852, got 0000b5b4
# Mismatch at address 80011264: expected 00006d5e, got 00006b71
# Mismatch at address 80011268: expected ffff34ac, got 0000398b
# Mismatch at address 8001126c: expected 000058e2, got ffffc3ec
# Mismatch at address 80011270: expected 00006315, got 00008f2b
# Mismatch at address 80011274: expected 00008dbe, got ffff82bb
# Mismatch at address 80011278: expected 000088cf, got ffffb250
# Mismatch at address 8001127c: expected 00008359, got fffffbea
# Mismatch at address 80011280: expected ffffa348, got fffff0a7
# Mismatch at address 80011284: expected fffffb3f, got 000049fe
# Mismatch at address 80011288: expected 0000681e, got 00004449
# Mismatch at address 8001128c: expected 000051a1, got 0000243a
# Mismatch at address 80011290: expected 0000a0fc, got 0000109c
# Mismatch at address 80011294: expected 00008922, got 00000a16
# Mismatch at address 80011298: expected 000014d0, got 000021b8
# Mismatch at address 8001129c: expected 000011aa, got ffff4819
# Mismatch at address 800112a0: expected ffff8c47, got 00000d5c
# Mismatch at address 800112a4: expected ffffb0ec, got fffffc04
# Mismatch at address 800112a8: expected ffffc39f, got 00003da0
# Mismatch at address 800112ac: expected fffff912, got ffffd5ef
# Mismatch at address 800112b0: expected ffffa957, got 0000303a
# Mismatch at address 800112b4: expected 0000913c, got fffff4a1
# Mismatch at address 800112b8: expected ffffeb47, got 000036ee
# Mismatch at address 800112bc: expected ffff5d0b, got 00005468
# Mismatch at address 800112c0: expected ffffe54e, got ffffdd0d
# Mismatch at address 800112c4: expected 00009ba8, got 0000318b
# Mismatch at address 800112c8: expected fffffb23, got fffff9e4
# Mismatch at address 800112cc: expected 000053fe, got 000052bd
# Mismatch at address 800112d0: expected ffff0ccb, got 00000389
# Mismatch at address 800112d4: expected ffff7bac, got 000054e0
# Mismatch at address 800112d8: expected ffffad9c, got 000001a5
# Mismatch at address 800112dc: expected fffff270, got 00008a3a
# Mismatch at address 800112e0: expected ffff1a69, got ffff6c11
# Mismatch at address 800112e4: expected ffffebf8, got 0000a8c0
# Mismatch at address 800112e8: expected 0000086a, got ffff1273
# Mismatch at address 800112ec: expected ffffb495, got 000024b8
# Mismatch at address 800112f0: expected ffff5f17, got 000095c7
# Mismatch at address 800112f4: expected 00009bdc, got 0000539f
# Mismatch at address 800112f8: expected 00015d91, got 00004f14
# Mismatch at address 800112fc: expected 00007355, got 000059d4
# Mismatch at address 80011300: expected 00008019, got ffff6063
# Mismatch at address 80011304: expected 0000265b, got ffffcf2b
# Mismatch at address 80011308: expected 000020ec, got ffff8af6
# Mismatch at address 8001130c: expected 000155c5, got fffff19f
# Mismatch at address 80011310: expected 0000d03c, got ffffda01
# Mismatch at address 80011314: expected ffffe8b9, got ffffd000
# Mismatch at address 80011318: expected 000075df, got 00002378
# Mismatch at address 8001131c: expected 00008e4f, got 000013a8
# Mismatch at address 80011320: expected 000036e5, got ffffaf7f
# Mismatch at address 80011324: expected 00009dc8, got ffff8cf6
# Mismatch at address 80011328: expected 00003dfa, got ffffe81d
# Mismatch at address 8001132c: expected 0000268d, got 0000db36
# Mismatch at address 80011330: expected 0000d85e, got ffff4bff
# Mismatch at address 80011334: expected 0000040b, got ffff8777
# Mismatch at address 80011338: expected ffffd30c, got ffffee73
# Mismatch at address 8001133c: expected ffffcf89, got 000033a5
# Mismatch at address 80011340: expected 0000088a, got 00006ae6
# Mismatch at address 80011344: expected 000031ab, got ffff6d54
# Mismatch at address 80011348: expected 0000285f, got ffff2a68
# Mismatch at address 8001134c: expected 000099ad, got ffffa58e
# Mismatch at address 80011350: expected ffffcb2a, got 00003237
# Mismatch at address 80011354: expected ffff6628, got ffffc4f5
# Mismatch at address 80011358: expected ffffd37f, got ffff9f2b
# Mismatch at address 8001135c: expected fffff08e, got 00007f8b
# Mismatch at address 80011360: expected ffffffae, got 0000b36b
# Mismatch at address 80011364: expected ffffaf8e, got fffec37d
# Mismatch at address 80011368: expected ffff82ca, got 00002180
# Mismatch at address 8001136c: expected ffff7f15, got 00006c9a
# Mismatch at address 80011370: expected 0000428f, got 000021c6
# Mismatch at address 80011374: expected ffff532f, got 0000595b
# Mismatch at address 80011378: expected 000054f2, got ffff8e1d
# Mismatch at address 8001137c: expected 00007bb2, got 0000a1ad
# Mismatch at address 80011380: expected 00001e67, got 00007d9a
# Mismatch at address 80011384: expected ffffa087, got 0000adb6
# Mismatch at address 80011388: expected 00003b21, got ffff7776
# Mismatch at address 8001138c: expected 000029ac, got 00003a8b
# Mismatch at address 80011390: expected 00007479, got 000042f6
# Mismatch at address 80011394: expected ffffe4c3, got fffff3ae
# Mismatch at address 80011398: expected 00000e3d, got 00006494
# Mismatch at address 8001139c: expected ffffdb41, got 00008b5d
# Mismatch at address 800113a0: expected fffff9fa, got 00006d44
# Mismatch at address 800113a4: expected 0000bc48, got 000076e0
# Mismatch at address 800113a8: expected 00004013, got ffff6d7c
# Mismatch at address 800113ac: expected 000043c1, got 000017b6
# Mismatch at address 800113b0: expected ffff2f20, got ffff6afe
# Mismatch at address 800113b4: expected 0000e851, got 00003360
# Mismatch at address 800113b8: expected ffff17b3, got fffff102
# Mismatch at address 800113bc: expected fffffcec, got 00002c67
# Mismatch at address 800113c0: expected 0000a3a7, got ffffc158
# Mismatch at address 800113c4: expected ffff8ae7, got ffffb6a1
# Mismatch at address 800113c8: expected 00000b4f, got fffff30e
# Mismatch at address 800113cc: expected ffffbef3, got ffffdb40
# Mismatch at address 800113d0: expected 00007913, got ffffb6c5
# Mismatch at address 800113d4: expected 000036df, got ffffbc20
# Mismatch at address 800113d8: expected 00008cc9, got ffff6a54
# Mismatch at address 800113dc: expected 000017c3, got 0000cb69
# Mismatch at address 800113e0: expected 00003b40, got ffffcf5e
# Mismatch at address 800113e4: expected ffffef67, got 00001896
# Mismatch at address 800113e8: expected ffffdae1, got 0000712c
# Mismatch at address 800113ec: expected ffffd60f, got ffffe7dc
# Mismatch at address 800113f0: expected 00013b3f, got ffff748f
# Mismatch at address 800113f4: expected 0000348f, got ffff600f
# Mismatch at address 800113f8: expected ffffb417, got ffffd4df
# Mismatch at address 800113fc: expected ffffd88f, got 0000131e
# Mismatch at address 80011400: expected 00001550, got ffff36ca
# Mismatch at address 80011404: expected ffffdcd8, got 00003d72
# Mismatch at address 80011408: expected ffffb8a2, got ffffeec7
# Mismatch at address 8001140c: expected ffffb73b, got ffffa2dc
# Mismatch at address 80011410: expected ffffd0d9, got fffef48f
# Mismatch at address 80011414: expected ffffb78e, got ffffc845
# Mismatch at address 80011418: expected ffff0e37, got ffffcf7a
# Mismatch at address 8001141c: expected 0000c604, got 00009690
# Mismatch at address 80011420: expected 00000418, got 0000a7b9
# Mismatch at address 80011424: expected ffffd02d, got ffffbfb2
# Mismatch at address 80011428: expected 000083eb, got fffff7fc
# Mismatch at address 8001142c: expected 00009dc7, got ffffdf46
# Mismatch at address 80011430: expected ffffa135, got 00000988
# Mismatch at address 80011434: expected ffff86c1, got ffff4a01
# Mismatch at address 80011438: expected 00004f89, got 0000b685
# Mismatch at address 8001143c: expected 000023c3, got ffff6517
# Mismatch at address 80011440: expected ffff3228, got ffffeafb
# Mismatch at address 80011444: expected ffff6e9f, got ffff9983
# Mismatch at address 80011448: expected ffff9244, got 00005921
# Mismatch at address 8001144c: expected ffff114d, got ffff5b75
# Mismatch at address 80011450: expected ffff5184, got ffffe9f3
# Mismatch at address 80011454: expected 0000083e, got 000063c1
# Mismatch at address 80011458: expected ffff426c, got 0000465c
# Mismatch at address 8001145c: expected 00006622, got ffffded5
# Mismatch at address 80011460: expected 00007c9b, got 0000f68e
# Mismatch at address 80011464: expected fffff277, got 00006b5b
# Mismatch at address 80011468: expected 000062a1, got ffffd3be
# Mismatch at address 8001146c: expected 00012d6d, got 000009cd
# Mismatch at address 80011470: expected 0000473c, got 00009cee
# Mismatch at address 80011474: expected ffffa084, got 000019ed
# Mismatch at address 80011478: expected 000034a1, got ffff7750
# Mismatch at address 8001147c: expected 00004707, got ffffcfb1
# Mismatch at address 80011480: expected fffedd6d, got ffffa530
# Mismatch at address 80011484: expected ffff742a, got ffffcfb1
# Mismatch at address 80011488: expected 0000bb03, got ffffdbc4
# Mismatch at address 8001148c: expected fffed727, got 000043e2
# Mismatch at address 80011490: expected ffff988d, got 00008818
# Mismatch at address 80011494: expected 0000a0a2, got ffffe757
# Mismatch at address 80011498: expected 00010948, got 00001c06
# Mismatch at address 8001149c: expected ffff2b4d, got 00007d70
# Mismatch at address 800114a0: expected ffffb369, got ffffe354
# Mismatch at address 800114a4: expected 00001804, got fffff0c9
# Mismatch at address 800114a8: expected 00003cda, got 0000b803
# Mismatch at address 800114ac: expected ffff38d1, got 00005994
# Mismatch at address 800114b0: expected ffffffe8, got 00003ba6
# Mismatch at address 800114b4: expected 00008101, got ffff7e7d
# Mismatch at address 800114b8: expected ffff6ec8, got 00002135
# Mismatch at address 800114bc: expected 0000aa17, got 00006f77
# Mismatch at address 800114c0: expected ffffc5d8, got ffff64ce
# Mismatch at address 800114c4: expected 0001512d, got 0000a9e8
# Mismatch at address 800114c8: expected 00002864, got ffffac85
# Mismatch at address 800114cc: expected 00007927, got 00008958
# Mismatch at address 800114d0: expected 0001159f, got 00000155
# Mismatch at address 800114d4: expected 00005084, got fffff153
# Mismatch at address 800114d8: expected 00001cf3, got ffffae1d
# Mismatch at address 800114dc: expected fffef0a3, got ffffded6
# Mismatch at address 800114e0: expected ffff80d4, got fffff9e4
# Mismatch at address 800114e4: expected 00000a86, got ffff7adc
# Mismatch at address 800114e8: expected ffff22d3, got ffffc1fe
# Mismatch at address 800114ec: expected ffffe83c, got 0000cf9f
# Mismatch at address 800114f0: expected ffff2ee8, got ffffec6c
# Mismatch at address 800114f4: expected 0000d3c2, got ffff7c64
# Mismatch at address 800114f8: expected 000044f3, got 000036f1
# Mismatch at address 800114fc: expected fffee907, got fffff408
# Mismatch at address 80011500: expected 0000f106, got ffffc497
# Mismatch at address 80011504: expected 00004107, got 0000dc36
# Mismatch at address 80011508: expected 00004c67, got fffeff0a
# Mismatch at address 8001150c: expected fffeff14, got ffffe203
# Mismatch at address 80011510: expected ffff80da, got 000073f5
# Mismatch at address 80011514: expected ffffa36f, got 0000206e
# Mismatch at address 80011518: expected 00003ed1, got fffface0
# Mismatch at address 8001151c: expected ffffb463, got 0000b37f
# Mismatch at address 80011520: expected ffff7b18, got 0000fb6b
# Mismatch at address 80011524: expected 000025c4, got 00004322
# Mismatch at address 80011528: expected 00003877, got 00004689
# Mismatch at address 8001152c: expected 0000052e, got ffffd82c
# Mismatch at address 80011530: expected ffffd860, got 00001e3e
# Mismatch at address 80011534: expected ffffb226, got ffffecbb
# Mismatch at address 80011538: expected ffffc26b, got 00005ee0
# Mismatch at address 8001153c: expected 00004514, got ffffe5cb
# Mismatch at address 80011540: expected ffff95b0, got ffffd695
# Mismatch at address 80011544: expected ffff49e4, got ffff7e3a
# Mismatch at address 80011548: expected ffffbb45, got 00004c3a
# Mismatch at address 8001154c: expected 000025f7, got 0000cfac
# Mismatch at address 80011550: expected 0000bd95, got fffefdf3
# Mismatch at address 80011554: expected ffffca5c, got ffffcaf1
# Mismatch at address 80011558: expected ffff4842, got 000098cc
# Mismatch at address 8001155c: expected ffff9fed, got 000034c7
# Mismatch at address 80011560: expected 000013de, got 0000e04e
# Mismatch at address 80011564: expected fffff1e0, got ffffef30
# Mismatch at address 80011568: expected ffffc748, got 00004d99
# Mismatch at address 8001156c: expected 0000bfcf, got ffffef44
# Mismatch at address 80011570: expected 00000ce9, got fffee841
# Mismatch at address 80011574: expected 000062ae, got ffff78a0
# Mismatch at address 80011578: expected ffff5feb, got ffffda95
# Mismatch at address 8001157c: expected 00006004, got 00002e7f
# Mismatch at address 80011580: expected 00002c5f, got 00002c44
# Mismatch at address 80011584: expected ffffb233, got ffff1a6f
# Mismatch at address 80011588: expected ffffee49, got fffeae59
# Mismatch at address 8001158c: expected 00013da0, got 00007b6f
# Mismatch at address 80011590: expected 00007e37, got 00007986
# Mismatch at address 80011594: expected ffff0d53, got ffff8984
# Mismatch at address 80011598: expected 00003f4d, got ffffc602
# Mismatch at address 8001159c: expected 00008dee, got 00005830
# Mismatch at address 800115a0: expected fffffcfe, got 0000b918
# Mismatch at address 800115a4: expected 00008a95, got 00003a69
# Mismatch at address 800115a8: expected 0000014f, got 00005b35
# Mismatch at address 800115ac: expected 00004841, got 00006cfb
# Mismatch at address 800115b0: expected ffffff07, got ffffc5d1
# Mismatch at address 800115b4: expected 00000498, got ffffe2a9
# Mismatch at address 800115b8: expected 00004842, got ffff89c9
# Mismatch at address 800115bc: expected ffff8741, got ffffef3e
# Mismatch at address 800115c0: expected ffffff1f, got ffffb6ee
# Mismatch at address 800115c4: expected 00007157, got 00007ae2
# Mismatch at address 800115c8: expected ffffd2b1, got 00003a86
# Mismatch at address 800115cc: expected ffffd65e, got 000029af
# Mismatch at address 800115d0: expected ffff8bd8, got 000009f6
# Mismatch at address 800115d4: expected ffff2db3, got ffff4b68
# Mismatch at address 800115d8: expected 00010aec, got 00003f8f
# Mismatch at address 800115dc: expected fffffaa3, got 0000284b
# Mismatch at address 800115e0: expected 000018b1, got 00000bf4
# Mismatch at address 800115e4: expected ffff6509, got ffff4692
# Mismatch at address 800115e8: expected fffffd0a, got 00005f10
# Mismatch at address 800115ec: expected 00003849, got 000018d0
# Mismatch at address 800115f0: expected 00006e4b, got 00000a81
# Mismatch at address 800115f4: expected ffffd6c0, got ffff7a61
# Mismatch at address 800115f8: expected 000004cb, got ffffebab
# Mismatch at address 800115fc: expected 0000012c, got fffff5b2
# Mismatch at address 80011600: expected 00007a89, got ffffe5fb
# Mismatch at address 80011604: expected 00007952, got 00005c56
# Mismatch at address 80011608: expected 00002ef0, got fffeb6a8
# Mismatch at address 8001160c: expected 0000a1a8, got ffffae63
# Mismatch at address 80011610: expected ffff8ae9, got 00005f77
# Mismatch at address 80011614: expected 00002f07, got 0000fd94
# Mismatch at address 80011618: expected 00000142, got ffff5dfc
# Mismatch at address 8001161c: expected 00000faa, got 00002ebe
# Mismatch at address 80011620: expected 000093d1, got 00008272
# Mismatch at address 80011624: expected 00004b66, got 00001c5e
# Mismatch at address 80011628: expected ffff7cca, got 00009554
# Mismatch at address 8001162c: expected 00000fa6, got ffffe4d3
# Mismatch at address 80011630: expected 00007ad4, got ffff993c
# Mismatch at address 80011634: expected ffff31a0, got ffff6d34
# Mismatch at address 80011638: expected 0000b3de, got ffff85b1
# Mismatch at address 8001163c: expected ffff3a93, got ffffc8cb
# Mismatch at address 80011640: expected 000087d6, got ffffdd1f
# Mismatch at address 80011644: expected ffff67ef, got 0000012d
# Mismatch at address 80011648: expected 000077ce, got 0000419b
# Mismatch at address 8001164c: expected ffffb9a0, got 0000d15a
# Mismatch at address 80011650: expected 0000614b, got 00001772
# Mismatch at address 80011654: expected 00006001, got 00000f5b
# Mismatch at address 80011658: expected 000072e9, got 00002446
# Mismatch at address 8001165c: expected 000010d0, got ffffe6d0
# Mismatch at address 80011660: expected 0000b5b4, got ffff6f9a
# Mismatch at address 80011664: expected 00006b71, got ffffd1c5
# Mismatch at address 80011668: expected 0000398b, got 00008f89
# Mismatch at address 8001166c: expected ffffc3ec, got 000022af
# Mismatch at address 80011670: expected 00008f2b, got fffe724f
# Mismatch at address 80011674: expected ffff82bb, got ffffcb20
# Mismatch at address 80011678: expected ffffb250, got 00003b18
# Mismatch at address 8001167c: expected fffffbea, got ffffbe2a
# Mismatch at address 80011680: expected fffff0a7, got 000033b7
# Mismatch at address 80011684: expected 000049fe, got 0000e660
# Mismatch at address 80011688: expected 00004449, got 00002e0b
# Mismatch at address 8001168c: expected 0000243a, got ffff4e8c
# Mismatch at address 80011690: expected 0000109c, got ffffb990
# Mismatch at address 80011694: expected 00000a16, got 00004997
# Mismatch at address 80011698: expected 000021b8, got 00001e19
# Mismatch at address 8001169c: expected ffff4819, got fffef10c
# Mismatch at address 800116a0: expected 00000d5c, got ffff8325
# Mismatch at address 800116a4: expected fffffc04, got ffffcaa0
# Mismatch at address 800116a8: expected 00003da0, got 00004d32
# Mismatch at address 800116ac: expected ffffd5ef, got ffffef6f
# Mismatch at address 800116b0: expected 0000303a, got ffff8368
# Mismatch at address 800116b4: expected fffff4a1, got 00006121
# Mismatch at address 800116b8: expected 000036ee, got ffff409e
# Mismatch at address 800116bc: expected 00005468, got ffffe877
# Mismatch at address 800116c0: expected ffffdd0d, got 00000fcb
# Mismatch at address 800116c4: expected 0000318b, got ffff868b
# Mismatch at address 800116c8: expected fffff9e4, got 0000285e
# Mismatch at address 800116cc: expected 000052bd, got ffffe952
# Mismatch at address 800116d0: expected 00000389, got 0000377f
# Mismatch at address 800116d4: expected 000054e0, got 00001ef6
# Mismatch at address 800116d8: expected 000001a5, got fffffab8
# Mismatch at address 800116dc: expected 00008a3a, got 00007626
# Mismatch at address 800116e0: expected ffff6c11, got fffeceda
# Mismatch at address 800116e4: expected 0000a8c0, got 00002cb2
# Mismatch at address 800116e8: expected ffff1273, got fffed0ef
# Mismatch at address 800116ec: expected 000024b8, got 00001c53
# Mismatch at address 800116f0: expected 000095c7, got 000050ce
# Mismatch at address 800116f4: expected 0000539f, got 000014c5
# Mismatch at address 800116f8: expected 00004f14, got 000073e1
# Mismatch at address 800116fc: expected 000059d4, got 00003e6a
# Mismatch at address 80011700: expected ffff6063, got ffff5283
# Mismatch at address 80011704: expected ffffcf2b, got 0000cb27
# Mismatch at address 80011708: expected ffff8af6, got 0000aa3b
# Mismatch at address 8001170c: expected fffff19f, got 00001b14
# Mismatch at address 80011710: expected ffffda01, got ffffd9b8
# Mismatch at address 80011714: expected ffffd000, got 00002789
# Mismatch at address 80011718: expected 00002378, got 00007e46
# Mismatch at address 8001171c: expected 000013a8, got 0000af5b
# Mismatch at address 80011720: expected ffffaf7f, got 00003212
# Mismatch at address 80011724: expected ffff8cf6, got 00004e83
# Mismatch at address 80011728: expected ffffe81d, got 00001bb5
# Mismatch at address 8001172c: expected 0000db36, got ffff5057
# Mismatch at address 80011730: expected ffff4bff, got 0000532e
# Mismatch at address 80011734: expected ffff8777, got ffff36a7
# Mismatch at address 80011738: expected ffffee73, got 00002229
# Mismatch at address 8001173c: expected 000033a5, got fffff1a2
# Mismatch at address 80011740: expected 00006ae6, got 00001127
# Mismatch at address 80011744: expected ffff6d54, got ffffbae3
# Mismatch at address 80011748: expected ffff2a68, got 0000464e
# Mismatch at address 8001174c: expected ffffa58e, got ffffe084
# Mismatch at address 80011750: expected 00003237, got ffffdfaa
# Mismatch at address 80011754: expected ffffc4f5, got 000066ae
# Mismatch at address 80011758: expected ffff9f2b, got fffff964
# Mismatch at address 8001175c: expected 00007f8b, got 00005d34
# Mismatch at address 80011760: expected 0000b36b, got 000049eb
# Mismatch at address 80011764: expected fffec37d, got 0000681e
# Mismatch at address 80011768: expected 00002180, got ffff9fc0
# Mismatch at address 8001176c: expected 00006c9a, got ffffe6f6
# Mismatch at address 80011770: expected 000021c6, got fffef647
# Mismatch at address 80011774: expected 0000595b, got ffffa74a
# Mismatch at address 80011778: expected ffff8e1d, got 00005775
# Mismatch at address 8001177c: expected 0000a1ad, got 00001275
# Mismatch at address 80011780: expected 00007d9a, got 000092ed
# Mismatch at address 80011784: expected 0000adb6, got 00005bf1
# Mismatch at address 80011788: expected ffff7776, got ffff340b
# Mismatch at address 8001178c: expected 00003a8b, got ffff8a9e
# Mismatch at address 80011790: expected 000042f6, got 000035c0
# Mismatch at address 80011794: expected fffff3ae, got 0000264c
# Mismatch at address 80011798: expected 00006494, got 000006a7
# Mismatch at address 8001179c: expected 00008b5d, got 00009157
# Mismatch at address 800117a0: expected 00006d44, got 0000dd38
# Mismatch at address 800117a4: expected 000076e0, got 000001e1
# Mismatch at address 800117a8: expected ffff6d7c, got 0000ea95
# Mismatch at address 800117ac: expected 000017b6, got ffff92fe
# Mismatch at address 800117b0: expected ffff6afe, got 00001a7f
# Mismatch at address 800117b4: expected 00003360, got fffff65f
# Mismatch at address 800117b8: expected fffff102, got ffff3dd3
# Mismatch at address 800117bc: expected 00002c67, got 00009792
# Mismatch at address 800117c0: expected ffffc158, got fffff489
# Mismatch at address 800117c4: expected ffffb6a1, got 0000e97e
# Mismatch at address 800117c8: expected fffff30e, got 00002f71
# Mismatch at address 800117cc: expected ffffdb40, got 00008772
# Mismatch at address 800117d0: expected ffffb6c5, got 00005b33
# Mismatch at address 800117d4: expected ffffbc20, got 00004801
# Mismatch at address 800117d8: expected ffff6a54, got 000076ed
# Mismatch at address 800117dc: expected 0000cb69, got 00001ac5
# Mismatch at address 800117e0: expected ffffcf5e, got ffff8eba
# Mismatch at address 800117e4: expected 00001896, got 000057fd
# Mismatch at address 800117e8: expected 0000712c, got fffecb8c
# Mismatch at address 800117ec: expected ffffe7dc, got ffffba6c
# Mismatch at address 800117f0: expected ffff748f, got ffffe21a
# Mismatch at address 800117f4: expected ffff600f, got 0000038a
# Mismatch at address 800117f8: expected ffffd4df, got fffffbf6
# Mismatch at address 800117fc: expected 0000131e, got ffff4473
# Mismatch at address 80011800: expected ffff36ca, got ffffc9fa
# Mismatch at address 80011804: expected 00003d72, got xxxxxxxx
# Mismatch at address 80011808: expected ffffeec7, got xxxxxxxx
# Mismatch at address 8001180c: expected ffffa2dc, got xxxxxxxx
# Mismatch at address 80011810: expected fffef48f, got xxxxxxxx
# Mismatch at address 80011814: expected ffffc845, got xxxxxxxx
# Mismatch at address 80011818: expected ffffcf7a, got xxxxxxxx
# Mismatch at address 8001181c: expected 00009690, got xxxxxxxx
# Mismatch at address 80011820: expected 0000a7b9, got xxxxxxxx
# Mismatch at address 80011824: expected ffffbfb2, got xxxxxxxx
# Mismatch at address 80011828: expected fffff7fc, got xxxxxxxx
# Mismatch at address 8001182c: expected ffffdf46, got xxxxxxxx
# Mismatch at address 80011830: expected 00000988, got xxxxxxxx
# Mismatch at address 80011834: expected ffff4a01, got xxxxxxxx
# Mismatch at address 80011838: expected 0000b685, got xxxxxxxx
# Mismatch at address 8001183c: expected ffff6517, got xxxxxxxx
# Mismatch at address 80011840: expected ffffeafb, got xxxxxxxx
# Mismatch at address 80011844: expected ffff9983, got xxxxxxxx
# Mismatch at address 80011848: expected 00005921, got xxxxxxxx
# Mismatch at address 8001184c: expected ffff5b75, got xxxxxxxx
# Mismatch at address 80011850: expected ffffe9f3, got xxxxxxxx
# Mismatch at address 80011854: expected 000063c1, got xxxxxxxx
# Mismatch at address 80011858: expected 0000465c, got xxxxxxxx
# Mismatch at address 8001185c: expected ffffded5, got xxxxxxxx
# Mismatch at address 80011860: expected 0000f68e, got xxxxxxxx
# Mismatch at address 80011864: expected 00006b5b, got xxxxxxxx
# Mismatch at address 80011868: expected ffffd3be, got xxxxxxxx
# Mismatch at address 8001186c: expected 000009cd, got xxxxxxxx
# Mismatch at address 80011870: expected 00009cee, got xxxxxxxx
# Mismatch at address 80011874: expected 000019ed, got xxxxxxxx
# Mismatch at address 80011878: expected ffff7750, got xxxxxxxx
# Mismatch at address 8001187c: expected ffffcfb1, got xxxxxxxx
# Mismatch at address 80011880: expected ffffa530, got xxxxxxxx
# Mismatch at address 80011884: expected ffffcfb1, got xxxxxxxx
# Mismatch at address 80011888: expected ffffdbc4, got xxxxxxxx
# Mismatch at address 8001188c: expected 000043e2, got xxxxxxxx
# Mismatch at address 80011890: expected 00008818, got xxxxxxxx
# Mismatch at address 80011894: expected ffffe757, got xxxxxxxx
# Mismatch at address 80011898: expected 00001c06, got xxxxxxxx
# Mismatch at address 8001189c: expected 00007d70, got xxxxxxxx
# Mismatch at address 800118a0: expected ffffe354, got xxxxxxxx
# Mismatch at address 800118a4: expected fffff0c9, got xxxxxxxx
# Mismatch at address 800118a8: expected 0000b803, got xxxxxxxx
# Mismatch at address 800118ac: expected 00005994, got xxxxxxxx
# Mismatch at address 800118b0: expected 00003ba6, got xxxxxxxx
# Mismatch at address 800118b4: expected ffff7e7d, got xxxxxxxx
# Mismatch at address 800118b8: expected 00002135, got xxxxxxxx
# Mismatch at address 800118bc: expected 00006f77, got xxxxxxxx
# Mismatch at address 800118c0: expected ffff64ce, got xxxxxxxx
# Mismatch at address 800118c4: expected 0000a9e8, got xxxxxxxx
# Mismatch at address 800118c8: expected ffffac85, got xxxxxxxx
# Mismatch at address 800118cc: expected 00008958, got xxxxxxxx
# Mismatch at address 800118d0: expected 00000155, got xxxxxxxx
# Mismatch at address 800118d4: expected fffff153, got xxxxxxxx
# Mismatch at address 800118d8: expected ffffae1d, got xxxxxxxx
# Mismatch at address 800118dc: expected ffffded6, got xxxxxxxx
# Mismatch at address 800118e0: expected fffff9e4, got xxxxxxxx
# Mismatch at address 800118e4: expected ffff7adc, got xxxxxxxx
# Mismatch at address 800118e8: expected ffffc1fe, got xxxxxxxx
# Mismatch at address 800118ec: expected 0000cf9f, got xxxxxxxx
# Mismatch at address 800118f0: expected ffffec6c, got xxxxxxxx
# Mismatch at address 800118f4: expected ffff7c64, got xxxxxxxx
# Mismatch at address 800118f8: expected 000036f1, got xxxxxxxx
# Mismatch at address 800118fc: expected fffff408, got xxxxxxxx
# Mismatch at address 80011900: expected ffffc497, got xxxxxxxx
# Mismatch at address 80011904: expected 0000dc36, got xxxxxxxx
# Mismatch at address 80011908: expected fffeff0a, got xxxxxxxx
# Mismatch at address 8001190c: expected ffffe203, got xxxxxxxx
# Mismatch at address 80011910: expected 000073f5, got xxxxxxxx
# Mismatch at address 80011914: expected 0000206e, got xxxxxxxx
# Mismatch at address 80011918: expected fffface0, got xxxxxxxx
# Mismatch at address 8001191c: expected 0000b37f, got xxxxxxxx
# Mismatch at address 80011920: expected 0000fb6b, got xxxxxxxx
# Mismatch at address 80011924: expected 00004322, got xxxxxxxx
# Mismatch at address 80011928: expected 00004689, got xxxxxxxx
# Mismatch at address 8001192c: expected ffffd82c, got xxxxxxxx
# Mismatch at address 80011930: expected 00001e3e, got xxxxxxxx
# Mismatch at address 80011934: expected ffffecbb, got xxxxxxxx
# Mismatch at address 80011938: expected 00005ee0, got xxxxxxxx
# Mismatch at address 8001193c: expected ffffe5cb, got xxxxxxxx
# Mismatch at address 80011940: expected ffffd695, got xxxxxxxx
# Mismatch at address 80011944: expected ffff7e3a, got xxxxxxxx
# Mismatch at address 80011948: expected 00004c3a, got xxxxxxxx
# Mismatch at address 8001194c: expected 0000cfac, got xxxxxxxx
# Mismatch at address 80011950: expected fffefdf3, got xxxxxxxx
# Mismatch at address 80011954: expected ffffcaf1, got xxxxxxxx
# Mismatch at address 80011958: expected 000098cc, got xxxxxxxx
# Mismatch at address 8001195c: expected 000034c7, got xxxxxxxx
# Mismatch at address 80011960: expected 0000e04e, got xxxxxxxx
# Mismatch at address 80011964: expected ffffef30, got xxxxxxxx
# Mismatch at address 80011968: expected 00004d99, got xxxxxxxx
# Mismatch at address 8001196c: expected ffffef44, got xxxxxxxx
# Mismatch at address 80011970: expected fffee841, got xxxxxxxx
# Mismatch at address 80011974: expected ffff78a0, got xxxxxxxx
# Mismatch at address 80011978: expected ffffda95, got xxxxxxxx
# Mismatch at address 8001197c: expected 00002e7f, got xxxxxxxx
# Mismatch at address 80011980: expected 00002c44, got xxxxxxxx
# Mismatch at address 80011984: expected ffff1a6f, got xxxxxxxx
# Mismatch at address 80011988: expected fffeae59, got xxxxxxxx
# Mismatch at address 8001198c: expected 00007b6f, got xxxxxxxx
# Mismatch at address 80011990: expected 00007986, got xxxxxxxx
# Mismatch at address 80011994: expected ffff8984, got xxxxxxxx
# Mismatch at address 80011998: expected ffffc602, got xxxxxxxx
# Mismatch at address 8001199c: expected 00005830, got xxxxxxxx
# Mismatch at address 800119a0: expected 0000b918, got xxxxxxxx
# Mismatch at address 800119a4: expected 00003a69, got xxxxxxxx
# Mismatch at address 800119a8: expected 00005b35, got xxxxxxxx
# Mismatch at address 800119ac: expected 00006cfb, got xxxxxxxx
# Mismatch at address 800119b0: expected ffffc5d1, got xxxxxxxx
# Mismatch at address 800119b4: expected ffffe2a9, got xxxxxxxx
# Mismatch at address 800119b8: expected ffff89c9, got xxxxxxxx
# Mismatch at address 800119bc: expected ffffef3e, got xxxxxxxx
# Mismatch at address 800119c0: expected ffffb6ee, got xxxxxxxx
# Mismatch at address 800119c4: expected 00007ae2, got xxxxxxxx
# Mismatch at address 800119c8: expected 00003a86, got xxxxxxxx
# Mismatch at address 800119cc: expected 000029af, got xxxxxxxx
# Mismatch at address 800119d0: expected 000009f6, got xxxxxxxx
# Mismatch at address 800119d4: expected ffff4b68, got xxxxxxxx
# Mismatch at address 800119d8: expected 00003f8f, got xxxxxxxx
# Mismatch at address 800119dc: expected 0000284b, got xxxxxxxx
# Mismatch at address 800119e0: expected 00000bf4, got xxxxxxxx
# Mismatch at address 800119e4: expected ffff4692, got xxxxxxxx
# Mismatch at address 800119e8: expected 00005f10, got xxxxxxxx
# Mismatch at address 800119ec: expected 000018d0, got xxxxxxxx
# Mismatch at address 800119f0: expected 00000a81, got xxxxxxxx
# Mismatch at address 800119f4: expected ffff7a61, got xxxxxxxx
# Mismatch at address 800119f8: expected ffffebab, got xxxxxxxx
# Mismatch at address 800119fc: expected fffff5b2, got xxxxxxxx
# Mismatch at address 80011a00: expected ffffe5fb, got xxxxxxxx
# Mismatch at address 80011a04: expected 00005c56, got xxxxxxxx
# Mismatch at address 80011a08: expected fffeb6a8, got xxxxxxxx
# Mismatch at address 80011a0c: expected ffffae63, got xxxxxxxx
# Mismatch at address 80011a10: expected 00005f77, got xxxxxxxx
# Mismatch at address 80011a14: expected 0000fd94, got xxxxxxxx
# Mismatch at address 80011a18: expected ffff5dfc, got xxxxxxxx
# Mismatch at address 80011a1c: expected 00002ebe, got xxxxxxxx
# Mismatch at address 80011a20: expected 00008272, got xxxxxxxx
# Mismatch at address 80011a24: expected 00001c5e, got xxxxxxxx
# Mismatch at address 80011a28: expected 00009554, got xxxxxxxx
# Mismatch at address 80011a2c: expected ffffe4d3, got xxxxxxxx
# Mismatch at address 80011a30: expected ffff993c, got xxxxxxxx
# Mismatch at address 80011a34: expected ffff6d34, got xxxxxxxx
# Mismatch at address 80011a38: expected ffff85b1, got xxxxxxxx
# Mismatch at address 80011a3c: expected ffffc8cb, got xxxxxxxx
# Mismatch at address 80011a40: expected ffffdd1f, got xxxxxxxx
# Mismatch at address 80011a44: expected 0000012d, got xxxxxxxx
# Mismatch at address 80011a48: expected 0000419b, got xxxxxxxx
# Mismatch at address 80011a4c: expected 0000d15a, got xxxxxxxx
# Mismatch at address 80011a50: expected 00001772, got xxxxxxxx
# Mismatch at address 80011a54: expected 00000f5b, got xxxxxxxx
# Mismatch at address 80011a58: expected 00002446, got xxxxxxxx
# Mismatch at address 80011a5c: expected ffffe6d0, got xxxxxxxx
# Mismatch at address 80011a60: expected ffff6f9a, got xxxxxxxx
# Mismatch at address 80011a64: expected ffffd1c5, got xxxxxxxx
# Mismatch at address 80011a68: expected 00008f89, got xxxxxxxx
# Mismatch at address 80011a6c: expected 000022af, got xxxxxxxx
# Mismatch at address 80011a70: expected fffe724f, got xxxxxxxx
# Mismatch at address 80011a74: expected ffffcb20, got xxxxxxxx
# Mismatch at address 80011a78: expected 00003b18, got xxxxxxxx
# Mismatch at address 80011a7c: expected ffffbe2a, got xxxxxxxx
# Mismatch at address 80011a80: expected 000033b7, got xxxxxxxx
# Mismatch at address 80011a84: expected 0000e660, got xxxxxxxx
# Mismatch at address 80011a88: expected 00002e0b, got xxxxxxxx
# Mismatch at address 80011a8c: expected ffff4e8c, got xxxxxxxx
# Mismatch at address 80011a90: expected ffffb990, got xxxxxxxx
# Mismatch at address 80011a94: expected 00004997, got xxxxxxxx
# Mismatch at address 80011a98: expected 00001e19, got xxxxxxxx
# Mismatch at address 80011a9c: expected fffef10c, got xxxxxxxx
# Mismatch at address 80011aa0: expected ffff8325, got xxxxxxxx
# Mismatch at address 80011aa4: expected ffffcaa0, got xxxxxxxx
# Mismatch at address 80011aa8: expected 00004d32, got xxxxxxxx
# Mismatch at address 80011aac: expected ffffef6f, got xxxxxxxx
# Mismatch at address 80011ab0: expected ffff8368, got xxxxxxxx
# Mismatch at address 80011ab4: expected 00006121, got xxxxxxxx
# Mismatch at address 80011ab8: expected ffff409e, got xxxxxxxx
# Mismatch at address 80011abc: expected ffffe877, got xxxxxxxx
# Mismatch at address 80011ac0: expected 00000fcb, got xxxxxxxx
# Mismatch at address 80011ac4: expected ffff868b, got xxxxxxxx
# Mismatch at address 80011ac8: expected 0000285e, got xxxxxxxx
# Mismatch at address 80011acc: expected ffffe952, got xxxxxxxx
# Mismatch at address 80011ad0: expected 0000377f, got xxxxxxxx
# Mismatch at address 80011ad4: expected 00001ef6, got xxxxxxxx
# Mismatch at address 80011ad8: expected fffffab8, got xxxxxxxx
# Mismatch at address 80011adc: expected 00007626, got xxxxxxxx
# Mismatch at address 80011ae0: expected fffeceda, got xxxxxxxx
# Mismatch at address 80011ae4: expected 00002cb2, got xxxxxxxx
# Mismatch at address 80011ae8: expected fffed0ef, got xxxxxxxx
# Mismatch at address 80011aec: expected 00001c53, got xxxxxxxx
# Mismatch at address 80011af0: expected 000050ce, got xxxxxxxx
# Mismatch at address 80011af4: expected 000014c5, got xxxxxxxx
# Mismatch at address 80011af8: expected 000073e1, got xxxxxxxx
# Mismatch at address 80011afc: expected 00003e6a, got xxxxxxxx
# Mismatch at address 80011b00: expected ffff5283, got xxxxxxxx
# Mismatch at address 80011b04: expected 0000cb27, got xxxxxxxx
# Mismatch at address 80011b08: expected 0000aa3b, got xxxxxxxx
# Mismatch at address 80011b0c: expected 00001b14, got xxxxxxxx
# Mismatch at address 80011b10: expected ffffd9b8, got xxxxxxxx
# Mismatch at address 80011b14: expected 00002789, got xxxxxxxx
# Mismatch at address 80011b18: expected 00007e46, got xxxxxxxx
# Mismatch at address 80011b1c: expected 0000af5b, got xxxxxxxx
# Mismatch at address 80011b20: expected 00003212, got xxxxxxxx
# Mismatch at address 80011b24: expected 00004e83, got xxxxxxxx
# Mismatch at address 80011b28: expected 00001bb5, got xxxxxxxx
# Mismatch at address 80011b2c: expected ffff5057, got xxxxxxxx
# Mismatch at address 80011b30: expected 0000532e, got xxxxxxxx
# Mismatch at address 80011b34: expected ffff36a7, got xxxxxxxx
# Mismatch at address 80011b38: expected 00002229, got xxxxxxxx
# Mismatch at address 80011b3c: expected fffff1a2, got xxxxxxxx
# Mismatch at address 80011b40: expected 00001127, got xxxxxxxx
# Mismatch at address 80011b44: expected ffffbae3, got xxxxxxxx
# Mismatch at address 80011b48: expected 0000464e, got xxxxxxxx
# Mismatch at address 80011b4c: expected ffffe084, got xxxxxxxx
# Mismatch at address 80011b50: expected ffffdfaa, got xxxxxxxx
# Mismatch at address 80011b54: expected 000066ae, got xxxxxxxx
# Mismatch at address 80011b58: expected fffff964, got xxxxxxxx
# Mismatch at address 80011b5c: expected 00005d34, got xxxxxxxx
# Mismatch at address 80011b60: expected 000049eb, got xxxxxxxx
# Mismatch at address 80011b64: expected 0000681e, got xxxxxxxx
# Mismatch at address 80011b68: expected ffff9fc0, got xxxxxxxx
# Mismatch at address 80011b6c: expected ffffe6f6, got xxxxxxxx
# Mismatch at address 80011b70: expected fffef647, got xxxxxxxx
# Mismatch at address 80011b74: expected ffffa74a, got xxxxxxxx
# Mismatch at address 80011b78: expected 00005775, got xxxxxxxx
# Mismatch at address 80011b7c: expected 00001275, got xxxxxxxx
# Mismatch at address 80011b80: expected 000092ed, got xxxxxxxx
# Mismatch at address 80011b84: expected 00005bf1, got xxxxxxxx
# Mismatch at address 80011b88: expected ffff340b, got xxxxxxxx
# Mismatch at address 80011b8c: expected ffff8a9e, got xxxxxxxx
# Mismatch at address 80011b90: expected 000035c0, got xxxxxxxx
# Mismatch at address 80011b94: expected 0000264c, got xxxxxxxx
# Mismatch at address 80011b98: expected 000006a7, got xxxxxxxx
# Mismatch at address 80011b9c: expected 00009157, got xxxxxxxx
# Mismatch at address 80011ba0: expected 0000dd38, got xxxxxxxx
# Mismatch at address 80011ba4: expected 000001e1, got xxxxxxxx
# Mismatch at address 80011ba8: expected 0000ea95, got xxxxxxxx
# Mismatch at address 80011bac: expected ffff92fe, got xxxxxxxx
# Mismatch at address 80011bb0: expected 00001a7f, got xxxxxxxx
# Mismatch at address 80011bb4: expected fffff65f, got xxxxxxxx
# Mismatch at address 80011bb8: expected ffff3dd3, got xxxxxxxx
# Mismatch at address 80011bbc: expected 00009792, got xxxxxxxx
# Mismatch at address 80011bc0: expected fffff489, got xxxxxxxx
# Mismatch at address 80011bc4: expected 0000e97e, got xxxxxxxx
# Mismatch at address 80011bc8: expected 00002f71, got xxxxxxxx
# Mismatch at address 80011bcc: expected 00008772, got xxxxxxxx
# Mismatch at address 80011bd0: expected 00005b33, got xxxxxxxx
# Mismatch at address 80011bd4: expected 00004801, got xxxxxxxx
# Mismatch at address 80011bd8: expected 000076ed, got xxxxxxxx
# Mismatch at address 80011bdc: expected 00001ac5, got xxxxxxxx
# Mismatch at address 80011be0: expected ffff8eba, got xxxxxxxx
# Mismatch at address 80011be4: expected 000057fd, got xxxxxxxx
# Mismatch at address 80011be8: expected fffecb8c, got xxxxxxxx
# Mismatch at address 80011bec: expected ffffba6c, got xxxxxxxx
# Mismatch at address 80011bf0: expected ffffe21a, got xxxxxxxx
# Mismatch at address 80011bf4: expected 0000038a, got xxxxxxxx
# Mismatch at address 80011bf8: expected fffffbf6, got xxxxxxxx
# Mismatch at address 80011bfc: expected ffff4473, got xxxxxxxx
# Mismatch at address 80011c00: expected ffffc9fa, got xxxxxxxx
#  FAIL: 1024 mismatches
# ** Note: $finish    : ../tb/tb_rv32imp_pipeline.sv(85)
#    Time: 1228246 ns  Iteration: 0  Instance: /tb_rv32imp_pipeline
# End time: 21:08:19 on May 11,2026, Elapsed time: 0:00:05
# Errors: 0, Warnings: 0
