# vsim -voptargs="+acc" -debugDB -c tb_rv32im_pipeline -l logs/rv32im_pipeline.log -do "log -r /*; run -all; quit" 
# Start time: 20:48:08 on May 11,2026
# ** Note: (vsim-3812) Design is being optimized...
# ** Note: (vsim-8611) Generating debug db.
# ** Warning: ../tb/tb_rv32im_pipeline.sv(11): (vopt-2685) [TFMPC] - Too few port connections for 'dut'.  Expected 3, found 2.
# ** Warning: ../tb/tb_rv32im_pipeline.sv(11): (vopt-2718) [TFMPC] - Missing connection for port 'o_obs_data'.
# ** Note: (vopt-4301) Memory core inferred for signal 'ram_array' width=32, depth=16384, type=RAM at location ../rtl/rv32im/data_memory.sv:24
# ** Note: (vsim-12126) Error and warning message counts have been restored: Errors=0, Warnings=2.
# //  Questa Sim-64
# //  Version 2021.2_1 linux_x86_64 May 15 2021
# //
# //  Copyright 1991-2021 Mentor Graphics Corporation
# //  All Rights Reserved.
# //
# //  QuestaSim and its associated documentation contain trade
# //  secrets and commercial or financial information that are the property of
# //  Mentor Graphics Corporation and are privileged, confidential,
# //  and exempt from disclosure under the Freedom of Information Act,
# //  5 U.S.C. Section 552. Furthermore, this information
# //  is prohibited from disclosure under the Trade Secrets Act,
# //  18 U.S.C. Section 1905.
# //
# Loading sv_std.std
# Loading work.rv32_pkg(fast)
# Loading work.tb_rv32im_pipeline(fast)
# Loading work.rv32im_pipeline(fast)
# Loading work.Program_Counter(fast)
# Loading work.Adder(fast)
# Loading work.IMem(fast)
# Loading work.pipe_reg(fast)
# Loading work.Decoder(fast)
# Loading work.Control_Logic(fast)
# Loading work.ImmGen(fast)
# Loading work.RegFile(fast)
# Loading work.pipe_reg(fast__1)
# Loading work.pipe_reg(fast__2)
# Loading work.pipe_reg(fast__3)
# Loading work.pipe_reg(fast__4)
# Loading work.Forwarding_Unit(fast)
# Loading work.Branch_Comparator(fast)
# Loading work.ALU(fast)
# Loading work.PC_Selection(fast)
# Loading work.Data_Memory(fast)
# Loading work.Hazard_Detection(fast)
# ** Note: (vsim-8900) Creating design debug database vsim.dbg.
# log -r /*
#  run -all
# =================================
# CORE RV32IM EXECUTION COMPLETE!
# Total simulation cycles = 122821
# Total instructions retired = 119560
# Final CPI = 1.027
# =================================
# Match at address 80010804: expected 0000a7a0, got 0000a7a0
# Match at address 80010808: expected fffffb04, got fffffb04
# Match at address 8001080c: expected 00009eb0, got 00009eb0
# Match at address 80010810: expected 0000846b, got 0000846b
# Match at address 80010814: expected 0000b10a, got 0000b10a
# Match at address 80010818: expected 00004f2b, got 00004f2b
# Match at address 8001081c: expected 00007994, got 00007994
# Match at address 80010820: expected 000051f3, got 000051f3
# Match at address 80010824: expected 00004a22, got 00004a22
# Match at address 80010828: expected fffff77d, got fffff77d
# Match at address 8001082c: expected ffff3289, got ffff3289
# Match at address 80010830: expected ffff3183, got ffff3183
# Match at address 80010834: expected 0000bf76, got 0000bf76
# Match at address 80010838: expected ffffde3e, got ffffde3e
# Match at address 8001083c: expected 0000452d, got 0000452d
# Match at address 80010840: expected ffffb403, got ffffb403
# Match at address 80010844: expected 00003701, got 00003701
# Match at address 80010848: expected ffffa13f, got ffffa13f
# Match at address 8001084c: expected 000030b6, got 000030b6
# Match at address 80010850: expected ffff6ca6, got ffff6ca6
# Match at address 80010854: expected 00004aab, got 00004aab
# Match at address 80010858: expected 0000782d, got 0000782d
# Match at address 8001085c: expected 0000fed8, got 0000fed8
# Match at address 80010860: expected ffffa3f8, got ffffa3f8
# Match at address 80010864: expected 0000b5d2, got 0000b5d2
# Match at address 80010868: expected ffffbd0d, got ffffbd0d
# Match at address 8001086c: expected fffea1ee, got fffea1ee
# Match at address 80010870: expected ffff6f1b, got ffff6f1b
# Match at address 80010874: expected fffff6ef, got fffff6ef
# Match at address 80010878: expected 00005691, got 00005691
# Match at address 8001087c: expected ffff5e33, got ffff5e33
# Match at address 80010880: expected 000029c0, got 000029c0
# Match at address 80010884: expected 00001c12, got 00001c12
# Match at address 80010888: expected ffffba3c, got ffffba3c
# Match at address 8001088c: expected 00007ea9, got 00007ea9
# Match at address 80010890: expected 0000652e, got 0000652e
# Match at address 80010894: expected ffff5605, got ffff5605
# Match at address 80010898: expected ffffb7f4, got ffffb7f4
# Match at address 8001089c: expected fffff6ac, got fffff6ac
# Match at address 800108a0: expected 000015cf, got 000015cf
# Match at address 800108a4: expected 00012880, got 00012880
# Match at address 800108a8: expected 00006a83, got 00006a83
# Match at address 800108ac: expected 00005df0, got 00005df0
# Match at address 800108b0: expected ffffd4a1, got ffffd4a1
# Match at address 800108b4: expected 00007179, got 00007179
# Match at address 800108b8: expected ffffe682, got ffffe682
# Match at address 800108bc: expected ffff5cb5, got ffff5cb5
# Match at address 800108c0: expected fffff724, got fffff724
# Match at address 800108c4: expected ffff5f75, got ffff5f75
# Match at address 800108c8: expected fffff829, got fffff829
# Match at address 800108cc: expected 00001c7b, got 00001c7b
# Match at address 800108d0: expected ffff1133, got ffff1133
# Match at address 800108d4: expected ffffdb4f, got ffffdb4f
# Match at address 800108d8: expected 00009d75, got 00009d75
# Match at address 800108dc: expected 0000241a, got 0000241a
# Match at address 800108e0: expected 00005606, got 00005606
# Match at address 800108e4: expected ffffb5e5, got ffffb5e5
# Match at address 800108e8: expected 000098b4, got 000098b4
# Match at address 800108ec: expected 00008801, got 00008801
# Match at address 800108f0: expected 00005187, got 00005187
# Match at address 800108f4: expected ffffd236, got ffffd236
# Match at address 800108f8: expected ffffc4b7, got ffffc4b7
# Match at address 800108fc: expected 0000e98e, got 0000e98e
# Match at address 80010900: expected ffffd0f5, got ffffd0f5
# Match at address 80010904: expected ffffff2f, got ffffff2f
# Match at address 80010908: expected ffff9fbe, got ffff9fbe
# Match at address 8001090c: expected 0000ea76, got 0000ea76
# Match at address 80010910: expected 000018f5, got 000018f5
# Match at address 80010914: expected fffff6b9, got fffff6b9
# Match at address 80010918: expected ffffd690, got ffffd690
# Match at address 8001091c: expected fffff20c, got fffff20c
# Match at address 80010920: expected 00006986, got 00006986
# Match at address 80010924: expected fffff07d, got fffff07d
# Match at address 80010928: expected ffff437f, got ffff437f
# Match at address 8001092c: expected 0000a5ff, got 0000a5ff
# Match at address 80010930: expected fffef123, got fffef123
# Match at address 80010934: expected 000013a2, got 000013a2
# Match at address 80010938: expected ffffe79c, got ffffe79c
# Match at address 8001093c: expected ffff5953, got ffff5953
# Match at address 80010940: expected ffffb341, got ffffb341
# Match at address 80010944: expected ffff4c4a, got ffff4c4a
# Match at address 80010948: expected 000056f8, got 000056f8
# Match at address 8001094c: expected ffffe6ef, got ffffe6ef
# Match at address 80010950: expected 00002043, got 00002043
# Match at address 80010954: expected ffffba98, got ffffba98
# Match at address 80010958: expected 00004a9b, got 00004a9b
# Match at address 8001095c: expected 00009cff, got 00009cff
# Match at address 80010960: expected 00005324, got 00005324
# Match at address 80010964: expected ffffc046, got ffffc046
# Match at address 80010968: expected 000016e1, got 000016e1
# Match at address 8001096c: expected 0000012a, got 0000012a
# Match at address 80010970: expected 000053ff, got 000053ff
# Match at address 80010974: expected 000028aa, got 000028aa
# Match at address 80010978: expected 0000332e, got 0000332e
# Match at address 8001097c: expected 000054c8, got 000054c8
# Match at address 80010980: expected 00001c19, got 00001c19
# Match at address 80010984: expected 00004416, got 00004416
# Match at address 80010988: expected ffff268a, got ffff268a
# Match at address 8001098c: expected 0000b41c, got 0000b41c
# Match at address 80010990: expected ffff19b2, got ffff19b2
# Match at address 80010994: expected 00002f65, got 00002f65
# Match at address 80010998: expected 00009f90, got 00009f90
# Match at address 8001099c: expected ffff900e, got ffff900e
# Match at address 800109a0: expected fffff252, got fffff252
# Match at address 800109a4: expected ffffae77, got ffffae77
# Match at address 800109a8: expected ffffd98f, got ffffd98f
# Match at address 800109ac: expected 0000821b, got 0000821b
# Match at address 800109b0: expected 0000df96, got 0000df96
# Match at address 800109b4: expected ffffc132, got ffffc132
# Match at address 800109b8: expected ffff8fd9, got ffff8fd9
# Match at address 800109bc: expected ffff6b9e, got ffff6b9e
# Match at address 800109c0: expected 0000c181, got 0000c181
# Match at address 800109c4: expected fffef289, got fffef289
# Match at address 800109c8: expected ffff9225, got ffff9225
# Match at address 800109cc: expected ffff8428, got ffff8428
# Match at address 800109d0: expected 00002546, got 00002546
# Match at address 800109d4: expected ffff59f1, got ffff59f1
# Match at address 800109d8: expected ffff0334, got ffff0334
# Match at address 800109dc: expected ffffd2f1, got ffffd2f1
# Match at address 800109e0: expected ffffce93, got ffffce93
# Match at address 800109e4: expected ffffa071, got ffffa071
# Match at address 800109e8: expected 00003b59, got 00003b59
# Match at address 800109ec: expected ffff8191, got ffff8191
# Match at address 800109f0: expected 00009372, got 00009372
# Match at address 800109f4: expected ffff28ad, got ffff28ad
# Match at address 800109f8: expected ffff8440, got ffff8440
# Match at address 800109fc: expected 0000899e, got 0000899e
# Match at address 80010a00: expected fffecd77, got fffecd77
# Match at address 80010a04: expected 000114fa, got 000114fa
# Match at address 80010a08: expected 000028bd, got 000028bd
# Match at address 80010a0c: expected 00001a9a, got 00001a9a
# Match at address 80010a10: expected ffffeb88, got ffffeb88
# Match at address 80010a14: expected 0000862a, got 0000862a
# Match at address 80010a18: expected 000012f9, got 000012f9
# Match at address 80010a1c: expected ffff5e58, got ffff5e58
# Match at address 80010a20: expected ffffc576, got ffffc576
# Match at address 80010a24: expected 00008133, got 00008133
# Match at address 80010a28: expected 00002b55, got 00002b55
# Match at address 80010a2c: expected ffffae87, got ffffae87
# Match at address 80010a30: expected ffffe10a, got ffffe10a
# Match at address 80010a34: expected 00008403, got 00008403
# Match at address 80010a38: expected ffff81b7, got ffff81b7
# Match at address 80010a3c: expected ffffd5c6, got ffffd5c6
# Match at address 80010a40: expected 00006b2a, got 00006b2a
# Match at address 80010a44: expected ffffa736, got ffffa736
# Match at address 80010a48: expected 00004e78, got 00004e78
# Match at address 80010a4c: expected 00006d55, got 00006d55
# Match at address 80010a50: expected 0000043d, got 0000043d
# Match at address 80010a54: expected 00002805, got 00002805
# Match at address 80010a58: expected ffffa7e5, got ffffa7e5
# Match at address 80010a5c: expected 0000477b, got 0000477b
# Match at address 80010a60: expected fffe9b3f, got fffe9b3f
# Match at address 80010a64: expected 00016de8, got 00016de8
# Match at address 80010a68: expected 0000005d, got 0000005d
# Match at address 80010a6c: expected ffff98ff, got ffff98ff
# Match at address 80010a70: expected ffff31f8, got ffff31f8
# Match at address 80010a74: expected 00003048, got 00003048
# Match at address 80010a78: expected 0000cac5, got 0000cac5
# Match at address 80010a7c: expected 0000fcc7, got 0000fcc7
# Match at address 80010a80: expected 00009655, got 00009655
# Match at address 80010a84: expected 00000d44, got 00000d44
# Match at address 80010a88: expected 00009364, got 00009364
# Match at address 80010a8c: expected ffff0ac7, got ffff0ac7
# Match at address 80010a90: expected fffff5cc, got fffff5cc
# Match at address 80010a94: expected 000049cc, got 000049cc
# Match at address 80010a98: expected ffffa6e3, got ffffa6e3
# Match at address 80010a9c: expected 00006f14, got 00006f14
# Match at address 80010aa0: expected fffffc20, got fffffc20
# Match at address 80010aa4: expected ffff8838, got ffff8838
# Match at address 80010aa8: expected 00002fca, got 00002fca
# Match at address 80010aac: expected ffff63ce, got ffff63ce
# Match at address 80010ab0: expected 0000b2ee, got 0000b2ee
# Match at address 80010ab4: expected ffff6d7c, got ffff6d7c
# Match at address 80010ab8: expected 0000366f, got 0000366f
# Match at address 80010abc: expected 0000709f, got 0000709f
# Match at address 80010ac0: expected 00005bb9, got 00005bb9
# Match at address 80010ac4: expected 00002611, got 00002611
# Match at address 80010ac8: expected 000034d6, got 000034d6
# Match at address 80010acc: expected 0000df67, got 0000df67
# Match at address 80010ad0: expected 00005a75, got 00005a75
# Match at address 80010ad4: expected 000048f1, got 000048f1
# Match at address 80010ad8: expected 00004b04, got 00004b04
# Match at address 80010adc: expected ffff4010, got ffff4010
# Match at address 80010ae0: expected 0000dc72, got 0000dc72
# Match at address 80010ae4: expected ffffa711, got ffffa711
# Match at address 80010ae8: expected ffffcba8, got ffffcba8
# Match at address 80010aec: expected ffff8a23, got ffff8a23
# Match at address 80010af0: expected ffffb594, got ffffb594
# Match at address 80010af4: expected ffffa08c, got ffffa08c
# Match at address 80010af8: expected ffff412b, got ffff412b
# Match at address 80010afc: expected ffff396f, got ffff396f
# Match at address 80010b00: expected 000083d3, got 000083d3
# Match at address 80010b04: expected 00001e39, got 00001e39
# Match at address 80010b08: expected 00001f6c, got 00001f6c
# Match at address 80010b0c: expected 0000a1ec, got 0000a1ec
# Match at address 80010b10: expected 00001b43, got 00001b43
# Match at address 80010b14: expected ffffe881, got ffffe881
# Match at address 80010b18: expected 0000ba3c, got 0000ba3c
# Match at address 80010b1c: expected ffffb84d, got ffffb84d
# Match at address 80010b20: expected ffff4566, got ffff4566
# Match at address 80010b24: expected ffffb18d, got ffffb18d
# Match at address 80010b28: expected ffff5607, got ffff5607
# Match at address 80010b2c: expected 00000cb7, got 00000cb7
# Match at address 80010b30: expected ffff8073, got ffff8073
# Match at address 80010b34: expected 0001093f, got 0001093f
# Match at address 80010b38: expected ffff53a1, got ffff53a1
# Match at address 80010b3c: expected ffff4889, got ffff4889
# Match at address 80010b40: expected 00002862, got 00002862
# Match at address 80010b44: expected ffffd80e, got ffffd80e
# Match at address 80010b48: expected ffff7063, got ffff7063
# Match at address 80010b4c: expected ffffc485, got ffffc485
# Match at address 80010b50: expected fffff784, got fffff784
# Match at address 80010b54: expected ffff1abc, got ffff1abc
# Match at address 80010b58: expected 0000208f, got 0000208f
# Match at address 80010b5c: expected ffff8ec1, got ffff8ec1
# Match at address 80010b60: expected ffff2ef8, got ffff2ef8
# Match at address 80010b64: expected ffffad10, got ffffad10
# Match at address 80010b68: expected ffff9f56, got ffff9f56
# Match at address 80010b6c: expected ffff7c7f, got ffff7c7f
# Match at address 80010b70: expected 0000a9ec, got 0000a9ec
# Match at address 80010b74: expected 0000b033, got 0000b033
# Match at address 80010b78: expected ffffea3f, got ffffea3f
# Match at address 80010b7c: expected fffff744, got fffff744
# Match at address 80010b80: expected ffffdcbc, got ffffdcbc
# Match at address 80010b84: expected ffff98e8, got ffff98e8
# Match at address 80010b88: expected ffffb78f, got ffffb78f
# Match at address 80010b8c: expected ffff666f, got ffff666f
# Match at address 80010b90: expected 00005fd8, got 00005fd8
# Match at address 80010b94: expected 0000f87a, got 0000f87a
# Match at address 80010b98: expected ffffa5d0, got ffffa5d0
# Match at address 80010b9c: expected 00003f65, got 00003f65
# Match at address 80010ba0: expected 00001c7a, got 00001c7a
# Match at address 80010ba4: expected ffffe51e, got ffffe51e
# Match at address 80010ba8: expected ffffb98d, got ffffb98d
# Match at address 80010bac: expected ffffc28b, got ffffc28b
# Match at address 80010bb0: expected ffff5260, got ffff5260
# Match at address 80010bb4: expected ffffc0a7, got ffffc0a7
# Match at address 80010bb8: expected ffff2eed, got ffff2eed
# Match at address 80010bbc: expected ffffcec2, got ffffcec2
# Match at address 80010bc0: expected 00001fe9, got 00001fe9
# Match at address 80010bc4: expected 0000084d, got 0000084d
# Match at address 80010bc8: expected 00005a8a, got 00005a8a
# Match at address 80010bcc: expected ffffbfdc, got ffffbfdc
# Match at address 80010bd0: expected fffff9bf, got fffff9bf
# Match at address 80010bd4: expected 00007b3c, got 00007b3c
# Match at address 80010bd8: expected ffff80ec, got ffff80ec
# Match at address 80010bdc: expected 0000a593, got 0000a593
# Match at address 80010be0: expected ffff6f86, got ffff6f86
# Match at address 80010be4: expected fffffa0b, got fffffa0b
# Match at address 80010be8: expected 00009985, got 00009985
# Match at address 80010bec: expected ffff89a7, got ffff89a7
# Match at address 80010bf0: expected ffff224e, got ffff224e
# Match at address 80010bf4: expected 000056ad, got 000056ad
# Match at address 80010bf8: expected 0000ba12, got 0000ba12
# Match at address 80010bfc: expected ffffb289, got ffffb289
# Match at address 80010c00: expected 0000444f, got 0000444f
# Match at address 80010c04: expected ffffc5c7, got ffffc5c7
# Match at address 80010c08: expected ffff5092, got ffff5092
# Match at address 80010c0c: expected 00007c25, got 00007c25
# Match at address 80010c10: expected 00003cc8, got 00003cc8
# Match at address 80010c14: expected ffffe37d, got ffffe37d
# Match at address 80010c18: expected 0000c7e7, got 0000c7e7
# Match at address 80010c1c: expected 00003100, got 00003100
# Match at address 80010c20: expected 00002b6e, got 00002b6e
# Match at address 80010c24: expected 0000712f, got 0000712f
# Match at address 80010c28: expected fffffa9e, got fffffa9e
# Match at address 80010c2c: expected 00007420, got 00007420
# Match at address 80010c30: expected 0000e0c8, got 0000e0c8
# Match at address 80010c34: expected ffff6193, got ffff6193
# Match at address 80010c38: expected ffff7d88, got ffff7d88
# Match at address 80010c3c: expected ffff6cc0, got ffff6cc0
# Match at address 80010c40: expected 00003db2, got 00003db2
# Match at address 80010c44: expected ffff882d, got ffff882d
# Match at address 80010c48: expected ffff7d4f, got ffff7d4f
# Match at address 80010c4c: expected 0000355e, got 0000355e
# Match at address 80010c50: expected ffff4eab, got ffff4eab
# Match at address 80010c54: expected ffffb4ab, got ffffb4ab
# Match at address 80010c58: expected 00007e6e, got 00007e6e
# Match at address 80010c5c: expected 000057a5, got 000057a5
# Match at address 80010c60: expected 000008e6, got 000008e6
# Match at address 80010c64: expected ffff80db, got ffff80db
# Match at address 80010c68: expected ffffe623, got ffffe623
# Match at address 80010c6c: expected 0000a51b, got 0000a51b
# Match at address 80010c70: expected 00011db7, got 00011db7
# Match at address 80010c74: expected 0000bff6, got 0000bff6
# Match at address 80010c78: expected ffffda7e, got ffffda7e
# Match at address 80010c7c: expected 0000b33f, got 0000b33f
# Match at address 80010c80: expected ffffaa01, got ffffaa01
# Match at address 80010c84: expected 00001c3a, got 00001c3a
# Match at address 80010c88: expected ffffaf45, got ffffaf45
# Match at address 80010c8c: expected 00003911, got 00003911
# Match at address 80010c90: expected ffff76cb, got ffff76cb
# Match at address 80010c94: expected fffedc6c, got fffedc6c
# Match at address 80010c98: expected 00002bbb, got 00002bbb
# Match at address 80010c9c: expected fffee4d9, got fffee4d9
# Match at address 80010ca0: expected ffff03e0, got ffff03e0
# Match at address 80010ca4: expected 00000a3e, got 00000a3e
# Match at address 80010ca8: expected ffffc218, got ffffc218
# Match at address 80010cac: expected ffffd56a, got ffffd56a
# Match at address 80010cb0: expected ffff781a, got ffff781a
# Match at address 80010cb4: expected 0000cb49, got 0000cb49
# Match at address 80010cb8: expected ffff6bd7, got ffff6bd7
# Match at address 80010cbc: expected fffed68b, got fffed68b
# Match at address 80010cc0: expected ffffef45, got ffffef45
# Match at address 80010cc4: expected 0000451d, got 0000451d
# Match at address 80010cc8: expected ffff8207, got ffff8207
# Match at address 80010ccc: expected fffefd47, got fffefd47
# Match at address 80010cd0: expected fffffb22, got fffffb22
# Match at address 80010cd4: expected ffff85be, got ffff85be
# Match at address 80010cd8: expected 000031c9, got 000031c9
# Match at address 80010cdc: expected ffff965f, got ffff965f
# Match at address 80010ce0: expected fffefa7d, got fffefa7d
# Match at address 80010ce4: expected 0000e728, got 0000e728
# Match at address 80010ce8: expected ffff9a2e, got ffff9a2e
# Match at address 80010cec: expected 0000aeac, got 0000aeac
# Match at address 80010cf0: expected 0000d565, got 0000d565
# Match at address 80010cf4: expected 00017d51, got 00017d51
# Match at address 80010cf8: expected 00003bc2, got 00003bc2
# Match at address 80010cfc: expected 00011655, got 00011655
# Match at address 80010d00: expected 00000c65, got 00000c65
# Match at address 80010d04: expected 00007f7a, got 00007f7a
# Match at address 80010d08: expected ffff9eb0, got ffff9eb0
# Match at address 80010d0c: expected ffffa50c, got ffffa50c
# Match at address 80010d10: expected ffffcfa2, got ffffcfa2
# Match at address 80010d14: expected 00015b1f, got 00015b1f
# Match at address 80010d18: expected 00008feb, got 00008feb
# Match at address 80010d1c: expected ffff293a, got ffff293a
# Match at address 80010d20: expected 000059f1, got 000059f1
# Match at address 80010d24: expected 000012fa, got 000012fa
# Match at address 80010d28: expected ffffe987, got ffffe987
# Match at address 80010d2c: expected 00003dfb, got 00003dfb
# Match at address 80010d30: expected 0000d658, got 0000d658
# Match at address 80010d34: expected ffffb1b1, got ffffb1b1
# Match at address 80010d38: expected ffffa639, got ffffa639
# Match at address 80010d3c: expected 00006a81, got 00006a81
# Match at address 80010d40: expected fffffec0, got fffffec0
# Match at address 80010d44: expected ffff3948, got ffff3948
# Match at address 80010d48: expected fffffcfd, got fffffcfd
# Match at address 80010d4c: expected 0000e522, got 0000e522
# Match at address 80010d50: expected 00006504, got 00006504
# Match at address 80010d54: expected ffffb0ee, got ffffb0ee
# Match at address 80010d58: expected ffffcbd3, got ffffcbd3
# Match at address 80010d5c: expected 000068dc, got 000068dc
# Match at address 80010d60: expected 000057ad, got 000057ad
# Match at address 80010d64: expected ffff6c6b, got ffff6c6b
# Match at address 80010d68: expected ffffbbfe, got ffffbbfe
# Match at address 80010d6c: expected ffffb8c8, got ffffb8c8
# Match at address 80010d70: expected 00002578, got 00002578
# Match at address 80010d74: expected ffff864c, got ffff864c
# Match at address 80010d78: expected ffff6b38, got ffff6b38
# Match at address 80010d7c: expected 0000272a, got 0000272a
# Match at address 80010d80: expected ffff63c0, got ffff63c0
# Match at address 80010d84: expected ffffbf9d, got ffffbf9d
# Match at address 80010d88: expected 00008038, got 00008038
# Match at address 80010d8c: expected 00006d5c, got 00006d5c
# Match at address 80010d90: expected 000079f4, got 000079f4
# Match at address 80010d94: expected ffffc1ce, got ffffc1ce
# Match at address 80010d98: expected 0000639a, got 0000639a
# Match at address 80010d9c: expected ffffddbc, got ffffddbc
# Match at address 80010da0: expected ffffedae, got ffffedae
# Match at address 80010da4: expected fffff04d, got fffff04d
# Match at address 80010da8: expected 0000cf4e, got 0000cf4e
# Match at address 80010dac: expected ffff35cd, got ffff35cd
# Match at address 80010db0: expected 000090b5, got 000090b5
# Match at address 80010db4: expected ffffe21c, got ffffe21c
# Match at address 80010db8: expected ffff94b6, got ffff94b6
# Match at address 80010dbc: expected 00006fd9, got 00006fd9
# Match at address 80010dc0: expected 0000e7ed, got 0000e7ed
# Match at address 80010dc4: expected 00001195, got 00001195
# Match at address 80010dc8: expected 0000032c, got 0000032c
# Match at address 80010dcc: expected fffff9ee, got fffff9ee
# Match at address 80010dd0: expected 0000a572, got 0000a572
# Match at address 80010dd4: expected ffff720b, got ffff720b
# Match at address 80010dd8: expected fffff3a2, got fffff3a2
# Match at address 80010ddc: expected ffff65b5, got ffff65b5
# Match at address 80010de0: expected ffff498b, got ffff498b
# Match at address 80010de4: expected 00002534, got 00002534
# Match at address 80010de8: expected ffffa10d, got ffffa10d
# Match at address 80010dec: expected ffffb63a, got ffffb63a
# Match at address 80010df0: expected ffff8099, got ffff8099
# Match at address 80010df4: expected ffffb984, got ffffb984
# Match at address 80010df8: expected fffffbfc, got fffffbfc
# Match at address 80010dfc: expected ffff84ce, got ffff84ce
# Match at address 80010e00: expected 000008d0, got 000008d0
# Match at address 80010e04: expected 00006d03, got 00006d03
# Match at address 80010e08: expected ffffe9b9, got ffffe9b9
# Match at address 80010e0c: expected 000029b2, got 000029b2
# Match at address 80010e10: expected ffff3523, got ffff3523
# Match at address 80010e14: expected 000027bc, got 000027bc
# Match at address 80010e18: expected 00004cf4, got 00004cf4
# Match at address 80010e1c: expected ffffa780, got ffffa780
# Match at address 80010e20: expected 00003d71, got 00003d71
# Match at address 80010e24: expected ffff8b91, got ffff8b91
# Match at address 80010e28: expected 0000b9e9, got 0000b9e9
# Match at address 80010e2c: expected ffffe816, got ffffe816
# Match at address 80010e30: expected ffffd677, got ffffd677
# Match at address 80010e34: expected ffff1af4, got ffff1af4
# Match at address 80010e38: expected 000062eb, got 000062eb
# Match at address 80010e3c: expected ffff9996, got ffff9996
# Match at address 80010e40: expected ffffc731, got ffffc731
# Match at address 80010e44: expected fffff761, got fffff761
# Match at address 80010e48: expected ffff65c2, got ffff65c2
# Match at address 80010e4c: expected ffff524d, got ffff524d
# Match at address 80010e50: expected ffff712c, got ffff712c
# Match at address 80010e54: expected 0000da66, got 0000da66
# Match at address 80010e58: expected 00005d2e, got 00005d2e
# Match at address 80010e5c: expected 0000fbd4, got 0000fbd4
# Match at address 80010e60: expected 00000852, got 00000852
# Match at address 80010e64: expected 00006d5e, got 00006d5e
# Match at address 80010e68: expected ffff34ac, got ffff34ac
# Match at address 80010e6c: expected 000058e2, got 000058e2
# Match at address 80010e70: expected 00006315, got 00006315
# Match at address 80010e74: expected 00008dbe, got 00008dbe
# Match at address 80010e78: expected 000088cf, got 000088cf
# Match at address 80010e7c: expected 00008359, got 00008359
# Match at address 80010e80: expected ffffa348, got ffffa348
# Match at address 80010e84: expected fffffb3f, got fffffb3f
# Match at address 80010e88: expected 0000681e, got 0000681e
# Match at address 80010e8c: expected 000051a1, got 000051a1
# Match at address 80010e90: expected 0000a0fc, got 0000a0fc
# Match at address 80010e94: expected 00008922, got 00008922
# Match at address 80010e98: expected 000014d0, got 000014d0
# Match at address 80010e9c: expected 000011aa, got 000011aa
# Match at address 80010ea0: expected ffff8c47, got ffff8c47
# Match at address 80010ea4: expected ffffb0ec, got ffffb0ec
# Match at address 80010ea8: expected ffffc39f, got ffffc39f
# Match at address 80010eac: expected fffff912, got fffff912
# Match at address 80010eb0: expected ffffa957, got ffffa957
# Match at address 80010eb4: expected 0000913c, got 0000913c
# Match at address 80010eb8: expected ffffeb47, got ffffeb47
# Match at address 80010ebc: expected ffff5d0b, got ffff5d0b
# Match at address 80010ec0: expected ffffe54e, got ffffe54e
# Match at address 80010ec4: expected 00009ba8, got 00009ba8
# Match at address 80010ec8: expected fffffb23, got fffffb23
# Match at address 80010ecc: expected 000053fe, got 000053fe
# Match at address 80010ed0: expected ffff0ccb, got ffff0ccb
# Match at address 80010ed4: expected ffff7bac, got ffff7bac
# Match at address 80010ed8: expected ffffad9c, got ffffad9c
# Match at address 80010edc: expected fffff270, got fffff270
# Match at address 80010ee0: expected ffff1a69, got ffff1a69
# Match at address 80010ee4: expected ffffebf8, got ffffebf8
# Match at address 80010ee8: expected 0000086a, got 0000086a
# Match at address 80010eec: expected ffffb495, got ffffb495
# Match at address 80010ef0: expected ffff5f17, got ffff5f17
# Match at address 80010ef4: expected 00009bdc, got 00009bdc
# Match at address 80010ef8: expected 00015d91, got 00015d91
# Match at address 80010efc: expected 00007355, got 00007355
# Match at address 80010f00: expected 00008019, got 00008019
# Match at address 80010f04: expected 0000265b, got 0000265b
# Match at address 80010f08: expected 000020ec, got 000020ec
# Match at address 80010f0c: expected 000155c5, got 000155c5
# Match at address 80010f10: expected 0000d03c, got 0000d03c
# Match at address 80010f14: expected ffffe8b9, got ffffe8b9
# Match at address 80010f18: expected 000075df, got 000075df
# Match at address 80010f1c: expected 00008e4f, got 00008e4f
# Match at address 80010f20: expected 000036e5, got 000036e5
# Match at address 80010f24: expected 00009dc8, got 00009dc8
# Match at address 80010f28: expected 00003dfa, got 00003dfa
# Match at address 80010f2c: expected 0000268d, got 0000268d
# Match at address 80010f30: expected 0000d85e, got 0000d85e
# Match at address 80010f34: expected 0000040b, got 0000040b
# Match at address 80010f38: expected ffffd30c, got ffffd30c
# Match at address 80010f3c: expected ffffcf89, got ffffcf89
# Match at address 80010f40: expected 0000088a, got 0000088a
# Match at address 80010f44: expected 000031ab, got 000031ab
# Match at address 80010f48: expected 0000285f, got 0000285f
# Match at address 80010f4c: expected 000099ad, got 000099ad
# Match at address 80010f50: expected ffffcb2a, got ffffcb2a
# Match at address 80010f54: expected ffff6628, got ffff6628
# Match at address 80010f58: expected ffffd37f, got ffffd37f
# Match at address 80010f5c: expected fffff08e, got fffff08e
# Match at address 80010f60: expected ffffffae, got ffffffae
# Match at address 80010f64: expected ffffaf8e, got ffffaf8e
# Match at address 80010f68: expected ffff82ca, got ffff82ca
# Match at address 80010f6c: expected ffff7f15, got ffff7f15
# Match at address 80010f70: expected 0000428f, got 0000428f
# Match at address 80010f74: expected ffff532f, got ffff532f
# Match at address 80010f78: expected 000054f2, got 000054f2
# Match at address 80010f7c: expected 00007bb2, got 00007bb2
# Match at address 80010f80: expected 00001e67, got 00001e67
# Match at address 80010f84: expected ffffa087, got ffffa087
# Match at address 80010f88: expected 00003b21, got 00003b21
# Match at address 80010f8c: expected 000029ac, got 000029ac
# Match at address 80010f90: expected 00007479, got 00007479
# Match at address 80010f94: expected ffffe4c3, got ffffe4c3
# Match at address 80010f98: expected 00000e3d, got 00000e3d
# Match at address 80010f9c: expected ffffdb41, got ffffdb41
# Match at address 80010fa0: expected fffff9fa, got fffff9fa
# Match at address 80010fa4: expected 0000bc48, got 0000bc48
# Match at address 80010fa8: expected 00004013, got 00004013
# Match at address 80010fac: expected 000043c1, got 000043c1
# Match at address 80010fb0: expected ffff2f20, got ffff2f20
# Match at address 80010fb4: expected 0000e851, got 0000e851
# Match at address 80010fb8: expected ffff17b3, got ffff17b3
# Match at address 80010fbc: expected fffffcec, got fffffcec
# Match at address 80010fc0: expected 0000a3a7, got 0000a3a7
# Match at address 80010fc4: expected ffff8ae7, got ffff8ae7
# Match at address 80010fc8: expected 00000b4f, got 00000b4f
# Match at address 80010fcc: expected ffffbef3, got ffffbef3
# Match at address 80010fd0: expected 00007913, got 00007913
# Match at address 80010fd4: expected 000036df, got 000036df
# Match at address 80010fd8: expected 00008cc9, got 00008cc9
# Match at address 80010fdc: expected 000017c3, got 000017c3
# Match at address 80010fe0: expected 00003b40, got 00003b40
# Match at address 80010fe4: expected ffffef67, got ffffef67
# Match at address 80010fe8: expected ffffdae1, got ffffdae1
# Match at address 80010fec: expected ffffd60f, got ffffd60f
# Match at address 80010ff0: expected 00013b3f, got 00013b3f
# Match at address 80010ff4: expected 0000348f, got 0000348f
# Match at address 80010ff8: expected ffffb417, got ffffb417
# Match at address 80010ffc: expected ffffd88f, got ffffd88f
# Match at address 80011000: expected 00001550, got 00001550
# Match at address 80011004: expected ffffdcd8, got ffffdcd8
# Match at address 80011008: expected ffffb8a2, got ffffb8a2
# Match at address 8001100c: expected ffffb73b, got ffffb73b
# Match at address 80011010: expected ffffd0d9, got ffffd0d9
# Match at address 80011014: expected ffffb78e, got ffffb78e
# Match at address 80011018: expected ffff0e37, got ffff0e37
# Match at address 8001101c: expected 0000c604, got 0000c604
# Match at address 80011020: expected 00000418, got 00000418
# Match at address 80011024: expected ffffd02d, got ffffd02d
# Match at address 80011028: expected 000083eb, got 000083eb
# Match at address 8001102c: expected 00009dc7, got 00009dc7
# Match at address 80011030: expected ffffa135, got ffffa135
# Match at address 80011034: expected ffff86c1, got ffff86c1
# Match at address 80011038: expected 00004f89, got 00004f89
# Match at address 8001103c: expected 000023c3, got 000023c3
# Match at address 80011040: expected ffff3228, got ffff3228
# Match at address 80011044: expected ffff6e9f, got ffff6e9f
# Match at address 80011048: expected ffff9244, got ffff9244
# Match at address 8001104c: expected ffff114d, got ffff114d
# Match at address 80011050: expected ffff5184, got ffff5184
# Match at address 80011054: expected 0000083e, got 0000083e
# Match at address 80011058: expected ffff426c, got ffff426c
# Match at address 8001105c: expected 00006622, got 00006622
# Match at address 80011060: expected 00007c9b, got 00007c9b
# Match at address 80011064: expected fffff277, got fffff277
# Match at address 80011068: expected 000062a1, got 000062a1
# Match at address 8001106c: expected 00012d6d, got 00012d6d
# Match at address 80011070: expected 0000473c, got 0000473c
# Match at address 80011074: expected ffffa084, got ffffa084
# Match at address 80011078: expected 000034a1, got 000034a1
# Match at address 8001107c: expected 00004707, got 00004707
# Match at address 80011080: expected fffedd6d, got fffedd6d
# Match at address 80011084: expected ffff742a, got ffff742a
# Match at address 80011088: expected 0000bb03, got 0000bb03
# Match at address 8001108c: expected fffed727, got fffed727
# Match at address 80011090: expected ffff988d, got ffff988d
# Match at address 80011094: expected 0000a0a2, got 0000a0a2
# Match at address 80011098: expected 00010948, got 00010948
# Match at address 8001109c: expected ffff2b4d, got ffff2b4d
# Match at address 800110a0: expected ffffb369, got ffffb369
# Match at address 800110a4: expected 00001804, got 00001804
# Match at address 800110a8: expected 00003cda, got 00003cda
# Match at address 800110ac: expected ffff38d1, got ffff38d1
# Match at address 800110b0: expected ffffffe8, got ffffffe8
# Match at address 800110b4: expected 00008101, got 00008101
# Match at address 800110b8: expected ffff6ec8, got ffff6ec8
# Match at address 800110bc: expected 0000aa17, got 0000aa17
# Match at address 800110c0: expected ffffc5d8, got ffffc5d8
# Match at address 800110c4: expected 0001512d, got 0001512d
# Match at address 800110c8: expected 00002864, got 00002864
# Match at address 800110cc: expected 00007927, got 00007927
# Match at address 800110d0: expected 0001159f, got 0001159f
# Match at address 800110d4: expected 00005084, got 00005084
# Match at address 800110d8: expected 00001cf3, got 00001cf3
# Match at address 800110dc: expected fffef0a3, got fffef0a3
# Match at address 800110e0: expected ffff80d4, got ffff80d4
# Match at address 800110e4: expected 00000a86, got 00000a86
# Match at address 800110e8: expected ffff22d3, got ffff22d3
# Match at address 800110ec: expected ffffe83c, got ffffe83c
# Match at address 800110f0: expected ffff2ee8, got ffff2ee8
# Match at address 800110f4: expected 0000d3c2, got 0000d3c2
# Match at address 800110f8: expected 000044f3, got 000044f3
# Match at address 800110fc: expected fffee907, got fffee907
# Match at address 80011100: expected 0000f106, got 0000f106
# Match at address 80011104: expected 00004107, got 00004107
# Match at address 80011108: expected 00004c67, got 00004c67
# Match at address 8001110c: expected fffeff14, got fffeff14
# Match at address 80011110: expected ffff80da, got ffff80da
# Match at address 80011114: expected ffffa36f, got ffffa36f
# Match at address 80011118: expected 00003ed1, got 00003ed1
# Match at address 8001111c: expected ffffb463, got ffffb463
# Match at address 80011120: expected ffff7b18, got ffff7b18
# Match at address 80011124: expected 000025c4, got 000025c4
# Match at address 80011128: expected 00003877, got 00003877
# Match at address 8001112c: expected 0000052e, got 0000052e
# Match at address 80011130: expected ffffd860, got ffffd860
# Match at address 80011134: expected ffffb226, got ffffb226
# Match at address 80011138: expected ffffc26b, got ffffc26b
# Match at address 8001113c: expected 00004514, got 00004514
# Match at address 80011140: expected ffff95b0, got ffff95b0
# Match at address 80011144: expected ffff49e4, got ffff49e4
# Match at address 80011148: expected ffffbb45, got ffffbb45
# Match at address 8001114c: expected 000025f7, got 000025f7
# Match at address 80011150: expected 0000bd95, got 0000bd95
# Match at address 80011154: expected ffffca5c, got ffffca5c
# Match at address 80011158: expected ffff4842, got ffff4842
# Match at address 8001115c: expected ffff9fed, got ffff9fed
# Match at address 80011160: expected 000013de, got 000013de
# Match at address 80011164: expected fffff1e0, got fffff1e0
# Match at address 80011168: expected ffffc748, got ffffc748
# Match at address 8001116c: expected 0000bfcf, got 0000bfcf
# Match at address 80011170: expected 00000ce9, got 00000ce9
# Match at address 80011174: expected 000062ae, got 000062ae
# Match at address 80011178: expected ffff5feb, got ffff5feb
# Match at address 8001117c: expected 00006004, got 00006004
# Match at address 80011180: expected 00002c5f, got 00002c5f
# Match at address 80011184: expected ffffb233, got ffffb233
# Match at address 80011188: expected ffffee49, got ffffee49
# Match at address 8001118c: expected 00013da0, got 00013da0
# Match at address 80011190: expected 00007e37, got 00007e37
# Match at address 80011194: expected ffff0d53, got ffff0d53
# Match at address 80011198: expected 00003f4d, got 00003f4d
# Match at address 8001119c: expected 00008dee, got 00008dee
# Match at address 800111a0: expected fffffcfe, got fffffcfe
# Match at address 800111a4: expected 00008a95, got 00008a95
# Match at address 800111a8: expected 0000014f, got 0000014f
# Match at address 800111ac: expected 00004841, got 00004841
# Match at address 800111b0: expected ffffff07, got ffffff07
# Match at address 800111b4: expected 00000498, got 00000498
# Match at address 800111b8: expected 00004842, got 00004842
# Match at address 800111bc: expected ffff8741, got ffff8741
# Match at address 800111c0: expected ffffff1f, got ffffff1f
# Match at address 800111c4: expected 00007157, got 00007157
# Match at address 800111c8: expected ffffd2b1, got ffffd2b1
# Match at address 800111cc: expected ffffd65e, got ffffd65e
# Match at address 800111d0: expected ffff8bd8, got ffff8bd8
# Match at address 800111d4: expected ffff2db3, got ffff2db3
# Match at address 800111d8: expected 00010aec, got 00010aec
# Match at address 800111dc: expected fffffaa3, got fffffaa3
# Match at address 800111e0: expected 000018b1, got 000018b1
# Match at address 800111e4: expected ffff6509, got ffff6509
# Match at address 800111e8: expected fffffd0a, got fffffd0a
# Match at address 800111ec: expected 00003849, got 00003849
# Match at address 800111f0: expected 00006e4b, got 00006e4b
# Match at address 800111f4: expected ffffd6c0, got ffffd6c0
# Match at address 800111f8: expected 000004cb, got 000004cb
# Match at address 800111fc: expected 0000012c, got 0000012c
# Match at address 80011200: expected 00007a89, got 00007a89
# Match at address 80011204: expected 00007952, got 00007952
# Match at address 80011208: expected 00002ef0, got 00002ef0
# Match at address 8001120c: expected 0000a1a8, got 0000a1a8
# Match at address 80011210: expected ffff8ae9, got ffff8ae9
# Match at address 80011214: expected 00002f07, got 00002f07
# Match at address 80011218: expected 00000142, got 00000142
# Match at address 8001121c: expected 00000faa, got 00000faa
# Match at address 80011220: expected 000093d1, got 000093d1
# Match at address 80011224: expected 00004b66, got 00004b66
# Match at address 80011228: expected ffff7cca, got ffff7cca
# Match at address 8001122c: expected 00000fa6, got 00000fa6
# Match at address 80011230: expected 00007ad4, got 00007ad4
# Match at address 80011234: expected ffff31a0, got ffff31a0
# Match at address 80011238: expected 0000b3de, got 0000b3de
# Match at address 8001123c: expected ffff3a93, got ffff3a93
# Match at address 80011240: expected 000087d6, got 000087d6
# Match at address 80011244: expected ffff67ef, got ffff67ef
# Match at address 80011248: expected 000077ce, got 000077ce
# Match at address 8001124c: expected ffffb9a0, got ffffb9a0
# Match at address 80011250: expected 0000614b, got 0000614b
# Match at address 80011254: expected 00006001, got 00006001
# Match at address 80011258: expected 000072e9, got 000072e9
# Match at address 8001125c: expected 000010d0, got 000010d0
# Match at address 80011260: expected 0000b5b4, got 0000b5b4
# Match at address 80011264: expected 00006b71, got 00006b71
# Match at address 80011268: expected 0000398b, got 0000398b
# Match at address 8001126c: expected ffffc3ec, got ffffc3ec
# Match at address 80011270: expected 00008f2b, got 00008f2b
# Match at address 80011274: expected ffff82bb, got ffff82bb
# Match at address 80011278: expected ffffb250, got ffffb250
# Match at address 8001127c: expected fffffbea, got fffffbea
# Match at address 80011280: expected fffff0a7, got fffff0a7
# Match at address 80011284: expected 000049fe, got 000049fe
# Match at address 80011288: expected 00004449, got 00004449
# Match at address 8001128c: expected 0000243a, got 0000243a
# Match at address 80011290: expected 0000109c, got 0000109c
# Match at address 80011294: expected 00000a16, got 00000a16
# Match at address 80011298: expected 000021b8, got 000021b8
# Match at address 8001129c: expected ffff4819, got ffff4819
# Match at address 800112a0: expected 00000d5c, got 00000d5c
# Match at address 800112a4: expected fffffc04, got fffffc04
# Match at address 800112a8: expected 00003da0, got 00003da0
# Match at address 800112ac: expected ffffd5ef, got ffffd5ef
# Match at address 800112b0: expected 0000303a, got 0000303a
# Match at address 800112b4: expected fffff4a1, got fffff4a1
# Match at address 800112b8: expected 000036ee, got 000036ee
# Match at address 800112bc: expected 00005468, got 00005468
# Match at address 800112c0: expected ffffdd0d, got ffffdd0d
# Match at address 800112c4: expected 0000318b, got 0000318b
# Match at address 800112c8: expected fffff9e4, got fffff9e4
# Match at address 800112cc: expected 000052bd, got 000052bd
# Match at address 800112d0: expected 00000389, got 00000389
# Match at address 800112d4: expected 000054e0, got 000054e0
# Match at address 800112d8: expected 000001a5, got 000001a5
# Match at address 800112dc: expected 00008a3a, got 00008a3a
# Match at address 800112e0: expected ffff6c11, got ffff6c11
# Match at address 800112e4: expected 0000a8c0, got 0000a8c0
# Match at address 800112e8: expected ffff1273, got ffff1273
# Match at address 800112ec: expected 000024b8, got 000024b8
# Match at address 800112f0: expected 000095c7, got 000095c7
# Match at address 800112f4: expected 0000539f, got 0000539f
# Match at address 800112f8: expected 00004f14, got 00004f14
# Match at address 800112fc: expected 000059d4, got 000059d4
# Match at address 80011300: expected ffff6063, got ffff6063
# Match at address 80011304: expected ffffcf2b, got ffffcf2b
# Match at address 80011308: expected ffff8af6, got ffff8af6
# Match at address 8001130c: expected fffff19f, got fffff19f
# Match at address 80011310: expected ffffda01, got ffffda01
# Match at address 80011314: expected ffffd000, got ffffd000
# Match at address 80011318: expected 00002378, got 00002378
# Match at address 8001131c: expected 000013a8, got 000013a8
# Match at address 80011320: expected ffffaf7f, got ffffaf7f
# Match at address 80011324: expected ffff8cf6, got ffff8cf6
# Match at address 80011328: expected ffffe81d, got ffffe81d
# Match at address 8001132c: expected 0000db36, got 0000db36
# Match at address 80011330: expected ffff4bff, got ffff4bff
# Match at address 80011334: expected ffff8777, got ffff8777
# Match at address 80011338: expected ffffee73, got ffffee73
# Match at address 8001133c: expected 000033a5, got 000033a5
# Match at address 80011340: expected 00006ae6, got 00006ae6
# Match at address 80011344: expected ffff6d54, got ffff6d54
# Match at address 80011348: expected ffff2a68, got ffff2a68
# Match at address 8001134c: expected ffffa58e, got ffffa58e
# Match at address 80011350: expected 00003237, got 00003237
# Match at address 80011354: expected ffffc4f5, got ffffc4f5
# Match at address 80011358: expected ffff9f2b, got ffff9f2b
# Match at address 8001135c: expected 00007f8b, got 00007f8b
# Match at address 80011360: expected 0000b36b, got 0000b36b
# Match at address 80011364: expected fffec37d, got fffec37d
# Match at address 80011368: expected 00002180, got 00002180
# Match at address 8001136c: expected 00006c9a, got 00006c9a
# Match at address 80011370: expected 000021c6, got 000021c6
# Match at address 80011374: expected 0000595b, got 0000595b
# Match at address 80011378: expected ffff8e1d, got ffff8e1d
# Match at address 8001137c: expected 0000a1ad, got 0000a1ad
# Match at address 80011380: expected 00007d9a, got 00007d9a
# Match at address 80011384: expected 0000adb6, got 0000adb6
# Match at address 80011388: expected ffff7776, got ffff7776
# Match at address 8001138c: expected 00003a8b, got 00003a8b
# Match at address 80011390: expected 000042f6, got 000042f6
# Match at address 80011394: expected fffff3ae, got fffff3ae
# Match at address 80011398: expected 00006494, got 00006494
# Match at address 8001139c: expected 00008b5d, got 00008b5d
# Match at address 800113a0: expected 00006d44, got 00006d44
# Match at address 800113a4: expected 000076e0, got 000076e0
# Match at address 800113a8: expected ffff6d7c, got ffff6d7c
# Match at address 800113ac: expected 000017b6, got 000017b6
# Match at address 800113b0: expected ffff6afe, got ffff6afe
# Match at address 800113b4: expected 00003360, got 00003360
# Match at address 800113b8: expected fffff102, got fffff102
# Match at address 800113bc: expected 00002c67, got 00002c67
# Match at address 800113c0: expected ffffc158, got ffffc158
# Match at address 800113c4: expected ffffb6a1, got ffffb6a1
# Match at address 800113c8: expected fffff30e, got fffff30e
# Match at address 800113cc: expected ffffdb40, got ffffdb40
# Match at address 800113d0: expected ffffb6c5, got ffffb6c5
# Match at address 800113d4: expected ffffbc20, got ffffbc20
# Match at address 800113d8: expected ffff6a54, got ffff6a54
# Match at address 800113dc: expected 0000cb69, got 0000cb69
# Match at address 800113e0: expected ffffcf5e, got ffffcf5e
# Match at address 800113e4: expected 00001896, got 00001896
# Match at address 800113e8: expected 0000712c, got 0000712c
# Match at address 800113ec: expected ffffe7dc, got ffffe7dc
# Match at address 800113f0: expected ffff748f, got ffff748f
# Match at address 800113f4: expected ffff600f, got ffff600f
# Match at address 800113f8: expected ffffd4df, got ffffd4df
# Match at address 800113fc: expected 0000131e, got 0000131e
# Match at address 80011400: expected ffff36ca, got ffff36ca
# Match at address 80011404: expected 00003d72, got 00003d72
# Match at address 80011408: expected ffffeec7, got ffffeec7
# Match at address 8001140c: expected ffffa2dc, got ffffa2dc
# Match at address 80011410: expected fffef48f, got fffef48f
# Match at address 80011414: expected ffffc845, got ffffc845
# Match at address 80011418: expected ffffcf7a, got ffffcf7a
# Match at address 8001141c: expected 00009690, got 00009690
# Match at address 80011420: expected 0000a7b9, got 0000a7b9
# Match at address 80011424: expected ffffbfb2, got ffffbfb2
# Match at address 80011428: expected fffff7fc, got fffff7fc
# Match at address 8001142c: expected ffffdf46, got ffffdf46
# Match at address 80011430: expected 00000988, got 00000988
# Match at address 80011434: expected ffff4a01, got ffff4a01
# Match at address 80011438: expected 0000b685, got 0000b685
# Match at address 8001143c: expected ffff6517, got ffff6517
# Match at address 80011440: expected ffffeafb, got ffffeafb
# Match at address 80011444: expected ffff9983, got ffff9983
# Match at address 80011448: expected 00005921, got 00005921
# Match at address 8001144c: expected ffff5b75, got ffff5b75
# Match at address 80011450: expected ffffe9f3, got ffffe9f3
# Match at address 80011454: expected 000063c1, got 000063c1
# Match at address 80011458: expected 0000465c, got 0000465c
# Match at address 8001145c: expected ffffded5, got ffffded5
# Match at address 80011460: expected 0000f68e, got 0000f68e
# Match at address 80011464: expected 00006b5b, got 00006b5b
# Match at address 80011468: expected ffffd3be, got ffffd3be
# Match at address 8001146c: expected 000009cd, got 000009cd
# Match at address 80011470: expected 00009cee, got 00009cee
# Match at address 80011474: expected 000019ed, got 000019ed
# Match at address 80011478: expected ffff7750, got ffff7750
# Match at address 8001147c: expected ffffcfb1, got ffffcfb1
# Match at address 80011480: expected ffffa530, got ffffa530
# Match at address 80011484: expected ffffcfb1, got ffffcfb1
# Match at address 80011488: expected ffffdbc4, got ffffdbc4
# Match at address 8001148c: expected 000043e2, got 000043e2
# Match at address 80011490: expected 00008818, got 00008818
# Match at address 80011494: expected ffffe757, got ffffe757
# Match at address 80011498: expected 00001c06, got 00001c06
# Match at address 8001149c: expected 00007d70, got 00007d70
# Match at address 800114a0: expected ffffe354, got ffffe354
# Match at address 800114a4: expected fffff0c9, got fffff0c9
# Match at address 800114a8: expected 0000b803, got 0000b803
# Match at address 800114ac: expected 00005994, got 00005994
# Match at address 800114b0: expected 00003ba6, got 00003ba6
# Match at address 800114b4: expected ffff7e7d, got ffff7e7d
# Match at address 800114b8: expected 00002135, got 00002135
# Match at address 800114bc: expected 00006f77, got 00006f77
# Match at address 800114c0: expected ffff64ce, got ffff64ce
# Match at address 800114c4: expected 0000a9e8, got 0000a9e8
# Match at address 800114c8: expected ffffac85, got ffffac85
# Match at address 800114cc: expected 00008958, got 00008958
# Match at address 800114d0: expected 00000155, got 00000155
# Match at address 800114d4: expected fffff153, got fffff153
# Match at address 800114d8: expected ffffae1d, got ffffae1d
# Match at address 800114dc: expected ffffded6, got ffffded6
# Match at address 800114e0: expected fffff9e4, got fffff9e4
# Match at address 800114e4: expected ffff7adc, got ffff7adc
# Match at address 800114e8: expected ffffc1fe, got ffffc1fe
# Match at address 800114ec: expected 0000cf9f, got 0000cf9f
# Match at address 800114f0: expected ffffec6c, got ffffec6c
# Match at address 800114f4: expected ffff7c64, got ffff7c64
# Match at address 800114f8: expected 000036f1, got 000036f1
# Match at address 800114fc: expected fffff408, got fffff408
# Match at address 80011500: expected ffffc497, got ffffc497
# Match at address 80011504: expected 0000dc36, got 0000dc36
# Match at address 80011508: expected fffeff0a, got fffeff0a
# Match at address 8001150c: expected ffffe203, got ffffe203
# Match at address 80011510: expected 000073f5, got 000073f5
# Match at address 80011514: expected 0000206e, got 0000206e
# Match at address 80011518: expected fffface0, got fffface0
# Match at address 8001151c: expected 0000b37f, got 0000b37f
# Match at address 80011520: expected 0000fb6b, got 0000fb6b
# Match at address 80011524: expected 00004322, got 00004322
# Match at address 80011528: expected 00004689, got 00004689
# Match at address 8001152c: expected ffffd82c, got ffffd82c
# Match at address 80011530: expected 00001e3e, got 00001e3e
# Match at address 80011534: expected ffffecbb, got ffffecbb
# Match at address 80011538: expected 00005ee0, got 00005ee0
# Match at address 8001153c: expected ffffe5cb, got ffffe5cb
# Match at address 80011540: expected ffffd695, got ffffd695
# Match at address 80011544: expected ffff7e3a, got ffff7e3a
# Match at address 80011548: expected 00004c3a, got 00004c3a
# Match at address 8001154c: expected 0000cfac, got 0000cfac
# Match at address 80011550: expected fffefdf3, got fffefdf3
# Match at address 80011554: expected ffffcaf1, got ffffcaf1
# Match at address 80011558: expected 000098cc, got 000098cc
# Match at address 8001155c: expected 000034c7, got 000034c7
# Match at address 80011560: expected 0000e04e, got 0000e04e
# Match at address 80011564: expected ffffef30, got ffffef30
# Match at address 80011568: expected 00004d99, got 00004d99
# Match at address 8001156c: expected ffffef44, got ffffef44
# Match at address 80011570: expected fffee841, got fffee841
# Match at address 80011574: expected ffff78a0, got ffff78a0
# Match at address 80011578: expected ffffda95, got ffffda95
# Match at address 8001157c: expected 00002e7f, got 00002e7f
# Match at address 80011580: expected 00002c44, got 00002c44
# Match at address 80011584: expected ffff1a6f, got ffff1a6f
# Match at address 80011588: expected fffeae59, got fffeae59
# Match at address 8001158c: expected 00007b6f, got 00007b6f
# Match at address 80011590: expected 00007986, got 00007986
# Match at address 80011594: expected ffff8984, got ffff8984
# Match at address 80011598: expected ffffc602, got ffffc602
# Match at address 8001159c: expected 00005830, got 00005830
# Match at address 800115a0: expected 0000b918, got 0000b918
# Match at address 800115a4: expected 00003a69, got 00003a69
# Match at address 800115a8: expected 00005b35, got 00005b35
# Match at address 800115ac: expected 00006cfb, got 00006cfb
# Match at address 800115b0: expected ffffc5d1, got ffffc5d1
# Match at address 800115b4: expected ffffe2a9, got ffffe2a9
# Match at address 800115b8: expected ffff89c9, got ffff89c9
# Match at address 800115bc: expected ffffef3e, got ffffef3e
# Match at address 800115c0: expected ffffb6ee, got ffffb6ee
# Match at address 800115c4: expected 00007ae2, got 00007ae2
# Match at address 800115c8: expected 00003a86, got 00003a86
# Match at address 800115cc: expected 000029af, got 000029af
# Match at address 800115d0: expected 000009f6, got 000009f6
# Match at address 800115d4: expected ffff4b68, got ffff4b68
# Match at address 800115d8: expected 00003f8f, got 00003f8f
# Match at address 800115dc: expected 0000284b, got 0000284b
# Match at address 800115e0: expected 00000bf4, got 00000bf4
# Match at address 800115e4: expected ffff4692, got ffff4692
# Match at address 800115e8: expected 00005f10, got 00005f10
# Match at address 800115ec: expected 000018d0, got 000018d0
# Match at address 800115f0: expected 00000a81, got 00000a81
# Match at address 800115f4: expected ffff7a61, got ffff7a61
# Match at address 800115f8: expected ffffebab, got ffffebab
# Match at address 800115fc: expected fffff5b2, got fffff5b2
# Match at address 80011600: expected ffffe5fb, got ffffe5fb
# Match at address 80011604: expected 00005c56, got 00005c56
# Match at address 80011608: expected fffeb6a8, got fffeb6a8
# Match at address 8001160c: expected ffffae63, got ffffae63
# Match at address 80011610: expected 00005f77, got 00005f77
# Match at address 80011614: expected 0000fd94, got 0000fd94
# Match at address 80011618: expected ffff5dfc, got ffff5dfc
# Match at address 8001161c: expected 00002ebe, got 00002ebe
# Match at address 80011620: expected 00008272, got 00008272
# Match at address 80011624: expected 00001c5e, got 00001c5e
# Match at address 80011628: expected 00009554, got 00009554
# Match at address 8001162c: expected ffffe4d3, got ffffe4d3
# Match at address 80011630: expected ffff993c, got ffff993c
# Match at address 80011634: expected ffff6d34, got ffff6d34
# Match at address 80011638: expected ffff85b1, got ffff85b1
# Match at address 8001163c: expected ffffc8cb, got ffffc8cb
# Match at address 80011640: expected ffffdd1f, got ffffdd1f
# Match at address 80011644: expected 0000012d, got 0000012d
# Match at address 80011648: expected 0000419b, got 0000419b
# Match at address 8001164c: expected 0000d15a, got 0000d15a
# Match at address 80011650: expected 00001772, got 00001772
# Match at address 80011654: expected 00000f5b, got 00000f5b
# Match at address 80011658: expected 00002446, got 00002446
# Match at address 8001165c: expected ffffe6d0, got ffffe6d0
# Match at address 80011660: expected ffff6f9a, got ffff6f9a
# Match at address 80011664: expected ffffd1c5, got ffffd1c5
# Match at address 80011668: expected 00008f89, got 00008f89
# Match at address 8001166c: expected 000022af, got 000022af
# Match at address 80011670: expected fffe724f, got fffe724f
# Match at address 80011674: expected ffffcb20, got ffffcb20
# Match at address 80011678: expected 00003b18, got 00003b18
# Match at address 8001167c: expected ffffbe2a, got ffffbe2a
# Match at address 80011680: expected 000033b7, got 000033b7
# Match at address 80011684: expected 0000e660, got 0000e660
# Match at address 80011688: expected 00002e0b, got 00002e0b
# Match at address 8001168c: expected ffff4e8c, got ffff4e8c
# Match at address 80011690: expected ffffb990, got ffffb990
# Match at address 80011694: expected 00004997, got 00004997
# Match at address 80011698: expected 00001e19, got 00001e19
# Match at address 8001169c: expected fffef10c, got fffef10c
# Match at address 800116a0: expected ffff8325, got ffff8325
# Match at address 800116a4: expected ffffcaa0, got ffffcaa0
# Match at address 800116a8: expected 00004d32, got 00004d32
# Match at address 800116ac: expected ffffef6f, got ffffef6f
# Match at address 800116b0: expected ffff8368, got ffff8368
# Match at address 800116b4: expected 00006121, got 00006121
# Match at address 800116b8: expected ffff409e, got ffff409e
# Match at address 800116bc: expected ffffe877, got ffffe877
# Match at address 800116c0: expected 00000fcb, got 00000fcb
# Match at address 800116c4: expected ffff868b, got ffff868b
# Match at address 800116c8: expected 0000285e, got 0000285e
# Match at address 800116cc: expected ffffe952, got ffffe952
# Match at address 800116d0: expected 0000377f, got 0000377f
# Match at address 800116d4: expected 00001ef6, got 00001ef6
# Match at address 800116d8: expected fffffab8, got fffffab8
# Match at address 800116dc: expected 00007626, got 00007626
# Match at address 800116e0: expected fffeceda, got fffeceda
# Match at address 800116e4: expected 00002cb2, got 00002cb2
# Match at address 800116e8: expected fffed0ef, got fffed0ef
# Match at address 800116ec: expected 00001c53, got 00001c53
# Match at address 800116f0: expected 000050ce, got 000050ce
# Match at address 800116f4: expected 000014c5, got 000014c5
# Match at address 800116f8: expected 000073e1, got 000073e1
# Match at address 800116fc: expected 00003e6a, got 00003e6a
# Match at address 80011700: expected ffff5283, got ffff5283
# Match at address 80011704: expected 0000cb27, got 0000cb27
# Match at address 80011708: expected 0000aa3b, got 0000aa3b
# Match at address 8001170c: expected 00001b14, got 00001b14
# Match at address 80011710: expected ffffd9b8, got ffffd9b8
# Match at address 80011714: expected 00002789, got 00002789
# Match at address 80011718: expected 00007e46, got 00007e46
# Match at address 8001171c: expected 0000af5b, got 0000af5b
# Match at address 80011720: expected 00003212, got 00003212
# Match at address 80011724: expected 00004e83, got 00004e83
# Match at address 80011728: expected 00001bb5, got 00001bb5
# Match at address 8001172c: expected ffff5057, got ffff5057
# Match at address 80011730: expected 0000532e, got 0000532e
# Match at address 80011734: expected ffff36a7, got ffff36a7
# Match at address 80011738: expected 00002229, got 00002229
# Match at address 8001173c: expected fffff1a2, got fffff1a2
# Match at address 80011740: expected 00001127, got 00001127
# Match at address 80011744: expected ffffbae3, got ffffbae3
# Match at address 80011748: expected 0000464e, got 0000464e
# Match at address 8001174c: expected ffffe084, got ffffe084
# Match at address 80011750: expected ffffdfaa, got ffffdfaa
# Match at address 80011754: expected 000066ae, got 000066ae
# Match at address 80011758: expected fffff964, got fffff964
# Match at address 8001175c: expected 00005d34, got 00005d34
# Match at address 80011760: expected 000049eb, got 000049eb
# Match at address 80011764: expected 0000681e, got 0000681e
# Match at address 80011768: expected ffff9fc0, got ffff9fc0
# Match at address 8001176c: expected ffffe6f6, got ffffe6f6
# Match at address 80011770: expected fffef647, got fffef647
# Match at address 80011774: expected ffffa74a, got ffffa74a
# Match at address 80011778: expected 00005775, got 00005775
# Match at address 8001177c: expected 00001275, got 00001275
# Match at address 80011780: expected 000092ed, got 000092ed
# Match at address 80011784: expected 00005bf1, got 00005bf1
# Match at address 80011788: expected ffff340b, got ffff340b
# Match at address 8001178c: expected ffff8a9e, got ffff8a9e
# Match at address 80011790: expected 000035c0, got 000035c0
# Match at address 80011794: expected 0000264c, got 0000264c
# Match at address 80011798: expected 000006a7, got 000006a7
# Match at address 8001179c: expected 00009157, got 00009157
# Match at address 800117a0: expected 0000dd38, got 0000dd38
# Match at address 800117a4: expected 000001e1, got 000001e1
# Match at address 800117a8: expected 0000ea95, got 0000ea95
# Match at address 800117ac: expected ffff92fe, got ffff92fe
# Match at address 800117b0: expected 00001a7f, got 00001a7f
# Match at address 800117b4: expected fffff65f, got fffff65f
# Match at address 800117b8: expected ffff3dd3, got ffff3dd3
# Match at address 800117bc: expected 00009792, got 00009792
# Match at address 800117c0: expected fffff489, got fffff489
# Match at address 800117c4: expected 0000e97e, got 0000e97e
# Match at address 800117c8: expected 00002f71, got 00002f71
# Match at address 800117cc: expected 00008772, got 00008772
# Match at address 800117d0: expected 00005b33, got 00005b33
# Match at address 800117d4: expected 00004801, got 00004801
# Match at address 800117d8: expected 000076ed, got 000076ed
# Match at address 800117dc: expected 00001ac5, got 00001ac5
# Match at address 800117e0: expected ffff8eba, got ffff8eba
# Match at address 800117e4: expected 000057fd, got 000057fd
# Match at address 800117e8: expected fffecb8c, got fffecb8c
# Match at address 800117ec: expected ffffba6c, got ffffba6c
# Match at address 800117f0: expected ffffe21a, got ffffe21a
# Match at address 800117f4: expected 0000038a, got 0000038a
# Match at address 800117f8: expected fffffbf6, got fffffbf6
# Match at address 800117fc: expected ffff4473, got ffff4473
# Match at address 80011800: expected ffffc9fa, got ffffc9fa
#  PASS: FIR Filter (Scalar) matched golden reference.
# ** Note: $finish    : ../tb/tb_rv32im_pipeline.sv(59)
#    Time: 1228246 ns  Iteration: 0  Instance: /tb_rv32im_pipeline
# End time: 20:48:12 on May 11,2026, Elapsed time: 0:00:04
# Errors: 0, Warnings: 2
